 qbot2_sfun

 Timestamp is 57486d98 (Fri May 27 12:54:00 2016)

 Preferred load address is 0000000180000000

 Start         Length     Name                   Class
 0001:00000000 000410c4H .text                   CODE
 0001:000410d0 00000092H .text$x                 CODE
 0002:00000000 00000460H .idata$5                DATA
 0002:00000460 00000008H .CRT$XCA                DATA
 0002:00000468 00000008H .CRT$XCZ                DATA
 0002:00000470 00000008H .CRT$XIA                DATA
 0002:00000478 00000008H .CRT$XIAA               DATA
 0002:00000480 00000008H .CRT$XIZ                DATA
 0002:00000490 00004bdcH .rdata                  DATA
 0002:00005070 00000008H .rtc$IAA                DATA
 0002:00005078 00000008H .rtc$IZZ                DATA
 0002:00005080 00000008H .rtc$TAA                DATA
 0002:00005088 00000008H .rtc$TZZ                DATA
 0002:00005090 0000445cH .xdata                  DATA
 0002:000094ec 000000a0H .idata$2                DATA
 0002:0000958c 00000014H .idata$3                DATA
 0002:000095a0 00000460H .idata$4                DATA
 0002:00009a00 00000a00H .idata$6                DATA
 0002:0000a400 00000050H .edata                  DATA
 0003:00000000 00004bd8H .data                   DATA
 0003:00004be0 00002678H .bss                    DATA
 0004:00000000 00003618H .pdata                  DATA

  Address         Publics by Value              Rva+Base               Lib:Object

 0000:00000000       ___safe_se_handler_count   0000000000000000     <absolute>
 0000:00000000       ___safe_se_handler_table   0000000000000000     <absolute>
 0000:00000000       __ImageBase                0000000180000000     <linker-defined>
 0001:00000000       sf_c1_qbot2_get_eml_resolved_functions_info 0000000180001000 f   c1_qbot2.obj
 0001:00000470       sf_c1_qbot2_get_check_sum  0000000180001470 f   c1_qbot2.obj
 0001:000004f0       sf_c1_qbot2_get_autoinheritance_info 00000001800014f0 f   c1_qbot2.obj
 0001:00000ad0       sf_internal_get_sim_state_c1_qbot2 0000000180001ad0 f   c1_qbot2.obj
 0001:00000f60       sf_internal_set_sim_state_c1_qbot2 0000000180001f60 f   c1_qbot2.obj
 0001:00001500       sf_c1_qbot2_get_testpoint_info 0000000180002500 f   c1_qbot2.obj
 0001:00001540       c1_qbot2_method_dispatcher 0000000180002540 f   c1_qbot2.obj
 0001:000035c0       sf_c2_qbot2_get_eml_resolved_functions_info 00000001800045c0 f   c2_qbot2.obj
 0001:00004230       sf_c2_qbot2_get_check_sum  0000000180005230 f   c2_qbot2.obj
 0001:000042b0       sf_c2_qbot2_get_autoinheritance_info 00000001800052b0 f   c2_qbot2.obj
 0001:00004740       sf_internal_get_sim_state_c2_qbot2 0000000180005740 f   c2_qbot2.obj
 0001:00004aa0       sf_internal_set_sim_state_c2_qbot2 0000000180005aa0 f   c2_qbot2.obj
 0001:00004ec0       sf_c2_qbot2_get_testpoint_info 0000000180005ec0 f   c2_qbot2.obj
 0001:00004f00       c2_qbot2_method_dispatcher 0000000180005f00 f   c2_qbot2.obj
 0001:00006b50       sf_c3_qbot2_get_eml_resolved_functions_info 0000000180007b50 f   c3_qbot2.obj
 0001:00007050       sf_c3_qbot2_get_check_sum  0000000180008050 f   c3_qbot2.obj
 0001:000070d0       sf_c3_qbot2_get_autoinheritance_info 00000001800080d0 f   c3_qbot2.obj
 0001:00007a80       sf_internal_get_sim_state_c3_qbot2 0000000180008a80 f   c3_qbot2.obj
 0001:00007fb0       sf_internal_set_sim_state_c3_qbot2 0000000180008fb0 f   c3_qbot2.obj
 0001:00008650       sf_c3_qbot2_get_testpoint_info 0000000180009650 f   c3_qbot2.obj
 0001:00008690       c3_qbot2_method_dispatcher 0000000180009690 f   c3_qbot2.obj
 0001:0000b2d0       sf_c5_qbot2_get_eml_resolved_functions_info 000000018000c2d0 f   c5_qbot2.obj
 0001:0000ba50       sf_c5_qbot2_get_check_sum  000000018000ca50 f   c5_qbot2.obj
 0001:0000bad0       sf_c5_qbot2_get_autoinheritance_info 000000018000cad0 f   c5_qbot2.obj
 0001:0000bf60       sf_internal_get_sim_state_c5_qbot2 000000018000cf60 f   c5_qbot2.obj
 0001:0000c340       sf_internal_set_sim_state_c5_qbot2 000000018000d340 f   c5_qbot2.obj
 0001:0000c830       sf_c5_qbot2_get_testpoint_info 000000018000d830 f   c5_qbot2.obj
 0001:0000c870       c5_qbot2_method_dispatcher 000000018000d870 f   c5_qbot2.obj
 0001:0000e900       sf_process_check_sum_call  000000018000f900 f   qbot2_sfun_registry.obj
 0001:0000e950       sf_process_testpoint_info_call 000000018000f950 f   qbot2_sfun_registry.obj
 0001:0000e9a0       sf_process_autoinheritance_call 000000018000f9a0 f   qbot2_sfun_registry.obj
 0001:0000eb20       sf_process_get_eml_resolved_functions_info_call 000000018000fb20 f   qbot2_sfun_registry.obj
 0001:0000eca0       sf_mex_unlock_call         000000018000fca0 f   qbot2_sfun_registry.obj
 0001:0000ed50       sf_machine_global_initializer_called 000000018000fd50 f   qbot2_sfun_registry.obj
 0001:0000ed80       sf_machine_global_method_dispatcher 000000018000fd80 f   qbot2_sfun_registry.obj
 0001:0000ede0       sf_machine_global_terminator 000000018000fde0 f   qbot2_sfun_registry.obj
 0001:0000ee20       sf_register_machine_exported_symbols 000000018000fe20 f   qbot2_sfun_registry.obj
 0001:0000ee40       callCustomFcn              000000018000fe40 f   qbot2_sfun_registry.obj
 0001:0000ee50       sf_machine_global_initializer 000000018000fe50 f   qbot2_sfun_registry.obj
 0001:0000eec0       _ssSetStateAbsTol          000000018000fec0 f   qbot2_sfun_registry.obj
 0001:0000efa0       _ssGetAbsTol               000000018000ffa0 f   qbot2_sfun_registry.obj
 0001:0000f010       _ssSetInputPortMatrixDimensions 0000000180010010 f   qbot2_sfun_registry.obj
 0001:0000f120       _ssSetOutputPortMatrixDimensions 0000000180010120 f   qbot2_sfun_registry.obj
 0001:0000f230       _ssSetInputPortVectorDimension 0000000180010230 f   qbot2_sfun_registry.obj
 0001:0000f300       _ssSetOutputPortVectorDimension 0000000180010300 f   qbot2_sfun_registry.obj
 0001:0000f3d0       ssIsRunTimeParamTunable    00000001800103d0 f   qbot2_sfun_registry.obj
 0001:0000f440       ssGetSFuncBlockHandle      0000000180010440 f   qbot2_sfun_registry.obj
 0001:0000f4b0       _ssGetCurrentInputPortWidth 00000001800104b0 f   qbot2_sfun_registry.obj
 0001:0000f5d0       _ssGetCurrentOutputPortWidth 00000001800105d0 f   qbot2_sfun_registry.obj
 0001:0000f6f0       _ssGetCallSystemNumFcnCallDestinations 00000001800106f0 f   qbot2_sfun_registry.obj
 0001:0000f760       ssWarning                  0000000180010760 f   qbot2_sfun_registry.obj
 0001:0000f870       ssGetIsZeroCrossControlDisabled 0000000180010870 f   qbot2_sfun_registry.obj
 0001:0000f8e0       ssSetIsInputPortUsedForContZcSignal 00000001800108e0 f   qbot2_sfun_registry.obj
 0001:0000f950       ssSetZcSignalIsZcElementDisc 0000000180010950 f   qbot2_sfun_registry.obj
 0001:0000fa00       ssSetZcSignalName          0000000180010a00 f   qbot2_sfun_registry.obj
 0001:0000fa70       ssSetZcSignalWidth         0000000180010a70 f   qbot2_sfun_registry.obj
 0001:0000fae0       ssSetZcSignalZcEventType   0000000180010ae0 f   qbot2_sfun_registry.obj
 0001:0000fb50       ssSetZcSignalType          0000000180010b50 f   qbot2_sfun_registry.obj
 0001:0000fbc0       ssSetZcSignalZcTol         0000000180010bc0 f   qbot2_sfun_registry.obj
 0001:0000fc30       ssSetZcSignalNeedsEventNotification 0000000180010c30 f   qbot2_sfun_registry.obj
 0001:0000fca0       ssCreateAndAddZcSignalInfo 0000000180010ca0 f   qbot2_sfun_registry.obj
 0001:0000fd10       ssCloneAndAddZcSignalInfo  0000000180010d10 f   qbot2_sfun_registry.obj
 0001:0000fd80       ssGetNumZcSignals          0000000180010d80 f   qbot2_sfun_registry.obj
 0001:0000fdf0       ssGetZcSignalVector        0000000180010df0 f   qbot2_sfun_registry.obj
 0001:0000fe60       ssGetZcSignalZcEvents      0000000180010e60 f   qbot2_sfun_registry.obj
 0001:0000fed0       ssGetZcSignalName          0000000180010ed0 f   qbot2_sfun_registry.obj
 0001:0000ff40       ssGetZcSignalWidth         0000000180010f40 f   qbot2_sfun_registry.obj
 0001:0000ffb0       ssGetZcSignalZcEventType   0000000180010fb0 f   qbot2_sfun_registry.obj
 0001:00010020       ssGetZcSignalType          0000000180011020 f   qbot2_sfun_registry.obj
 0001:00010090       ssGetZcSignalZcTol         0000000180011090 f   qbot2_sfun_registry.obj
 0001:00010110       ssGetZcSignalNeedsEventNotification 0000000180011110 f   qbot2_sfun_registry.obj
 0001:00010180       ssGetZcSignalIsZcElementDisc 0000000180011180 f   qbot2_sfun_registry.obj
 0001:00010220       ssGetIsInputPortElementContinuous 0000000180011220 f   qbot2_sfun_registry.obj
 0001:000102c0       _ssGetInputPortSignalPtrsFcn 00000001800112c0 f   qbot2_sfun_registry.obj
 0001:00010580       _ssGetInputPortSignalFcn   0000000180011580 f   qbot2_sfun_registry.obj
 0001:000107a0       _ssSetInputPortDirectFeedThroughFcn 00000001800117a0 f   qbot2_sfun_registry.obj
 0001:00010900       _ssSetInputPortReusableFcn 0000000180011900 f   qbot2_sfun_registry.obj
 0001:000109f0       _ssSetOutputPortReusableFcn 00000001800119f0 f   qbot2_sfun_registry.obj
 0001:00010ad0       ssGetDTypeIdFromMxArray    0000000180011ad0 f   qbot2_sfun_registry.obj
 0001:00010bf0       ssWriteRTWStr              0000000180011bf0 f   qbot2_sfun_registry.obj
 0001:00010c50       ssWriteRTWMxVectParam      0000000180011c50 f   qbot2_sfun_registry.obj
 0001:00010cb0       ssWriteRTWMx2dMatParam     0000000180011cb0 f   qbot2_sfun_registry.obj
 0001:00010d30       ssWriteRTWNameValuePair    0000000180011d30 f   qbot2_sfun_registry.obj
 0001:00011220       ssWriteRTWParameters       0000000180012220 f   qbot2_sfun_registry.obj
 0001:00011820       ssWriteRTWParamSettings    0000000180012820 f   qbot2_sfun_registry.obj
 0001:00011ef0       ssWriteRTWWorkVect         0000000180012ef0 f   qbot2_sfun_registry.obj
 0001:000123f0       mexFunction                00000001800133f0 f   qbot2_sfun_registry.obj
 0001:00014050       ProcessMexSfunctionEveryCall 0000000180015050 f   qbot2_sfun_registry.obj
 0001:000141c0       qbot2_initializer          00000001800151c0 f   qbot2_sfun.obj
 0001:000141d0       qbot2_terminator           00000001800151d0 f   qbot2_sfun.obj
 0001:000141e0       sf_qbot2_method_dispatcher 00000001800151e0 f   qbot2_sfun.obj
 0001:00014290       sf_qbot2_process_testpoint_info_call 0000000180015290 f   qbot2_sfun.obj
 0001:00014460       sf_qbot2_process_check_sum_call 0000000180015460 f   qbot2_sfun.obj
 0001:000148b0       sf_qbot2_autoinheritance_info 00000001800158b0 f   qbot2_sfun.obj
 0001:000149f0       sf_qbot2_get_eml_resolved_functions_info 00000001800159f0 f   qbot2_sfun.obj
 0001:00014be0       qbot2_debug_initialize     0000000180015be0 f   qbot2_sfun.obj
 0001:00014c50       qbot2_register_exported_symbols 0000000180015c50 f   qbot2_sfun.obj
 0001:00014d00       sf_mex_mx_is_numeric       0000000180015d00 f   sfc_mex:sfc_mex.obj
 0001:00014d40       strcmp_ignore_ws           0000000180015d40 f   sfc_mex:sfc_mex.obj
 0001:00014e80       sf_mex_duplicatearraysafe  0000000180015e80 f   sfc_mex:sfc_mex.obj
 0001:00014fe0       sf_set_error_debugger_context_message_fcn 0000000180015fe0 f   sfc_mex:sfc_mex.obj
 0001:00014ff0       sf_set_debugger_matlab_error_fcn 0000000180015ff0 f   sfc_mex:sfc_mex.obj
 0001:00015020       sf_set_error_prefix_string 0000000180016020 f   sfc_mex:sfc_mex.obj
 0001:00015050       sf_get_error_prefix_string 0000000180016050 f   sfc_mex:sfc_mex.obj
 0001:00015060       sf_get_current_jmp_buf_ptr 0000000180016060 f   sfc_mex:sfc_mex.obj
 0001:00015070       sf_set_current_jmp_buf_ptr 0000000180016070 f   sfc_mex:sfc_mex.obj
 0001:00015080       sf_mex_set_halt_simulation 0000000180016080 f   sfc_mex:sfc_mex.obj
 0001:00015090       sf_mex_get_halt_simulation 0000000180016090 f   sfc_mex:sfc_mex.obj
 0001:000150a0       sf_mex_clear_error_message 00000001800160a0 f   sfc_mex:sfc_mex.obj
 0001:000150c0       sf_mex_get_error_message_for_read 00000001800160c0 f   sfc_mex:sfc_mex.obj
 0001:000150d0       sf_mex_get_error_message_buffer_length 00000001800160d0 f   sfc_mex:sfc_mex.obj
 0001:000151b0       sf_mex_warning_message     00000001800161b0 f   sfc_mex:sfc_mex.obj
 0001:00015220       sf_mex_v_errbuf_createf    0000000180016220 f   sfc_mex:sfc_mex.obj
 0001:00015230       sf_mex_errbuf_createf      0000000180016230 f   sfc_mex:sfc_mex.obj
 0001:00015260       sf_mex_v_errbuf_catf       0000000180016260 f   sfc_mex:sfc_mex.obj
 0001:000152a0       sf_mex_errbuf_catf         00000001800162a0 f   sfc_mex:sfc_mex.obj
 0001:000152f0       sf_mex_errbuf_copy         00000001800162f0 f   sfc_mex:sfc_mex.obj
 0001:00015300       sf_mex_errbuf_clear        0000000180016300 f   sfc_mex:sfc_mex.obj
 0001:00015310       sf_mex_errbuf_isempty      0000000180016310 f   sfc_mex:sfc_mex.obj
 0001:00015420       sf_mex_set_error_status    0000000180016420 f   sfc_mex:sfc_mex.obj
 0001:00015470       sf_mex_error_direct_call   0000000180016470 f   sfc_mex:sfc_mex.obj
 0001:00015490       sf_mex_error_message_no_long_jump 0000000180016490 f   sfc_mex:sfc_mex.obj
 0001:000154b0       sf_mex_long_jump_on_error  00000001800164b0 f   sfc_mex:sfc_mex.obj
 0001:000154e0       sf_mex_call_matlab         00000001800164e0 f   sfc_mex:sfc_mex.obj
 0001:00015600       sf_mex_check_builtin       0000000180016600 f   sfc_mex:sfc_mex.obj
 0001:00015640       sf_mex_check_builtin_vs    0000000180016640 f   sfc_mex:sfc_mex.obj
 0001:000156a0       sf_mex_check_enum          00000001800166a0 f   sfc_mex:sfc_mex.obj
 0001:000156d0       sf_mex_create_enum         00000001800166d0 f   sfc_mex:sfc_mex.obj
 0001:000156f0       sf_mex_get_enum_element    00000001800166f0 f   sfc_mex:sfc_mex.obj
 0001:00015700       sf_mex_createcellarray     0000000180016700 f   sfc_mex:sfc_mex.obj
 0001:00015710       sf_mex_setcell             0000000180016710 f   sfc_mex:sfc_mex.obj
 0001:00015720       sf_mex_getcell             0000000180016720 f   sfc_mex:sfc_mex.obj
 0001:00015730       sf_mex_dup                 0000000180016730 f   sfc_mex:sfc_mex.obj
 0001:00015750       sf_mex_assign              0000000180016750 f   sfc_mex:sfc_mex.obj
 0001:000157b0       sf_mex_destroy             00000001800167b0 f   sfc_mex:sfc_mex.obj
 0001:000157e0       mx_array_has_fi_type       00000001800167e0 f   sfc_mex:sfc_mex.obj
 0001:00015810       sf_mex_convert_from_fi     0000000180016810 f   sfc_mex:sfc_mex.obj
 0001:000158c0       sf_mex_convert_to_double   00000001800168c0 f   sfc_mex:sfc_mex.obj
 0001:000159e0       sf_mex_import_fi_vs        00000001800169e0 f   sfc_mex:sfc_mex.obj
 0001:00015ba0       sf_matrix_matrix_index_ok  0000000180016ba0 f   sfc_mex:sfc_mex.obj
 0001:00015c30       sf_vector_vector_index_ok  0000000180016c30 f   sfc_mex:sfc_mex.obj
 0001:00015c60       ssGetCurrentInputPortDimensions_wrapper 0000000180016c60 f   sfc_mex:sfc_mex.obj
 0001:00015c80       ssGetCurrentOutputPortDimensions_wrapper 0000000180016c80 f   sfc_mex:sfc_mex.obj
 0001:00015ca0       sf_mex_emlrt_context_is_debug_mode 0000000180016ca0 f   sfc_mex:sfc_mex.obj
 0001:00015cb0       sf_mex_emlrt_context_set_debug_mode 0000000180016cb0 f   sfc_mex:sfc_mex.obj
 0001:00015d20       sf_clear_error_manager_info 0000000180016d20 f   sfc_mex:sfc_mex.obj
 0001:00015d70       sf_mex_stop_simulation_abruptly_wo_error 0000000180016d70 f   sfc_mex:sfc_mex.obj
 0001:00015db0       sf_mex_error_message       0000000180016db0 f   sfc_mex:sfc_mex.obj
 0001:00015e10       sf_react_to_error_in_matlab_call 0000000180016e10 f   sfc_mex:sfc_mex.obj
 0001:00015e40       sf_mex_addfield            0000000180016e40 f   sfc_mex:sfc_mex.obj
 0001:00015ee0       sf_mex_getfield            0000000180016ee0 f   sfc_mex:sfc_mex.obj
 0001:000161e0       sf_mex_check_class         00000001800171e0 f   sfc_mex:sfc_mex.obj
 0001:000162d0       sf_mex_is_real             00000001800172d0 f   sfc_mex:sfc_mex.obj
 0001:00016740       sf_mex_decode_encoded_mx_struct_array 0000000180017740 f   sfc_mex:sfc_mex.obj
 0001:00016a20       sf_mex_lw_bounds_check     0000000180017a20 f   sfc_mex:sfc_mex.obj
 0001:00016a50       sf_mex_lw_size_eq_check_1d 0000000180017a50 f   sfc_mex:sfc_mex.obj
 0001:00016a70       sf_mex_lw_size_eq_check_nd 0000000180017a70 f   sfc_mex:sfc_mex.obj
 0001:00016c50       sf_mex_lw_dim_size_eq_check 0000000180017c50 f   sfc_mex:sfc_mex.obj
 0001:00016c80       sf_mex_lw_dim_size_geq_check 0000000180017c80 f   sfc_mex:sfc_mex.obj
 0001:00016cb0       sf_mex_lw_sub_assign_size_check_nd 0000000180017cb0 f   sfc_mex:sfc_mex.obj
 0001:00016ee0       sf_mex_lw_runtime_error_msgid 0000000180017ee0 f   sfc_mex:sfc_mex.obj
 0001:00016fd0       sf_mex_lw_matrix_matrix_index_check 0000000180017fd0 f   sfc_mex:sfc_mex.obj
 0001:00016ff0       sf_mex_lw_vector_vector_index_check 0000000180017ff0 f   sfc_mex:sfc_mex.obj
 0001:00017030       sf_mex_lw_non_negative_check 0000000180018030 f   sfc_mex:sfc_mex.obj
 0001:00017070       sf_mex_overflow_error      0000000180018070 f   sfc_mex:sfc_mex.obj
 0001:00017080       sf_mex_dividebyzero_error  0000000180018080 f   sfc_mex:sfc_mex.obj
 0001:00017090       sf_mex_unsafe_enum_error   0000000180018090 f   sfc_mex:sfc_mex.obj
 0001:000170a0       sf_emlrtErrHandler         00000001800180a0 f   sfc_mex:sfc_mex.obj
 0001:00017160       sf_mex_printf              0000000180018160 f   sfc_mex:sfc_mex.obj
 0001:000172f0       sf_mex_check_size          00000001800182f0 f   sfc_mex:sfc_mex.obj
 0001:000175c0       sf_mex_check_struct        00000001800185c0 f   sfc_mex:sfc_mex.obj
 0001:00017820       sf_mex_check_struct_vs     0000000180018820 f   sfc_mex:sfc_mex.obj
 0001:000178b0       sf_mex_check_fi            00000001800188b0 f   sfc_mex:sfc_mex.obj
 0001:000179b0       sf_mex_check_fi_vs         00000001800189b0 f   sfc_mex:sfc_mex.obj
 0001:00017a50       sf_echo_expression         0000000180018a50 f   sfc_mex:sfc_mex.obj
 0001:00017ab0       sf_assertion_failed        0000000180018ab0 f   sfc_mex:sfc_mex.obj
 0001:00017d90       sf_mex_evalin              0000000180018d90 f   sfc_mex:sfc_mex.obj
 0001:00018000       sf_mex_export              0000000180019000 f   sfc_mex:sfc_mex.obj
 0001:000180c0       sf_mex_get_ml_var_no_error 00000001800190c0 f   sfc_mex:sfc_mex.obj
 0001:00018260       sf_mex_get_ml_var          0000000180019260 f   sfc_mex:sfc_mex.obj
 0001:00018700       ml_set_element_value_in_array 0000000180019700 f   sfc_mex:sfc_mex.obj
 0001:00019dd0       sf_mex_call_impl           000000018001add0 f   sfc_mex:sfc_mex.obj
 0001:0001a300       sf_mex_call_debug          000000018001b300 f   sfc_mex:sfc_mex.obj
 0001:0001a330       sf_mex_call                000000018001b330 f   sfc_mex:sfc_mex.obj
 0001:0001a980       sf_mex_createstruct        000000018001b980 f   sfc_mex:sfc_mex.obj
 0001:0001aa70       sf_mex_createstructarray   000000018001ba70 f   sfc_mex:sfc_mex.obj
 0001:0001aaf0       sf_mex_get_mx_datatype_from_sf_datatype 000000018001baf0 f   sfc_mex:sfc_mex.obj
 0001:0001ae00       sf_mex_ml_var_sub          000000018001be00 f   sfc_mex:sfc_mex.obj
 0001:0001afd0       sf_mex_ml_var_subsasgn     000000018001bfd0 f   sfc_mex:sfc_mex.obj
 0001:0001b3c0       sf_mex_sub                 000000018001c3c0 f   sfc_mex:sfc_mex.obj
 0001:0001b5c0       sf_mex_subsasgn            000000018001c5c0 f   sfc_mex:sfc_mex.obj
 0001:0001baa0       sf_mex_create              000000018001caa0 f   sfc_mex:sfc_mex.obj
 0001:0001c4f0       sf_mex_import_named        000000018001d4f0 f   sfc_mex:sfc_mex.obj
 0001:0001c550       sf_mex_import              000000018001d550 f   sfc_mex:sfc_mex.obj
 0001:0001c5a0       sf_mex_import_vs           000000018001d5a0 f   sfc_mex:sfc_mex.obj
 0001:0001c6b0       sf_mex_lower_fixpt_mx_array 000000018001d6b0 f   sfc_mex:sfc_mex.obj
 0001:0001cca0       sim_mode_is_rtw_gen        000000018001dca0 f   sfc_mex:sfc_sf.obj
 0001:0001ccd0       sim_mode_is_external       000000018001dcd0 f   sfc_mex:sfc_sf.obj
 0001:0001cce0       sim_mode_is_modelref_sim   000000018001dce0 f   sfc_mex:sfc_sf.obj
 0001:0001cd00       mdlInitializeSizes         000000018001dd00 f   sfc_mex:sfc_sf.obj
 0001:0001cd20       mdlInitializeSampleTimes   000000018001dd20 f   sfc_mex:sfc_sf.obj
 0001:0001cd60       mdlZeroCrossings           000000018001dd60 f   sfc_mex:sfc_sf.obj
 0001:0001ce40       mdlDerivatives             000000018001de40 f   sfc_mex:sfc_sf.obj
 0001:0001cef0       mdl_initialize_conditions_processing 000000018001def0 f   sfc_mex:sfc_sf.obj
 0001:0001cf20       mdlInitializeConditions    000000018001df20 f   sfc_mex:sfc_sf.obj
 0001:0001cfe0       mdlGetSimState             000000018001dfe0 f   sfc_mex:sfc_sf.obj
 0001:0001cff0       mdlSetSimState             000000018001dff0 f   sfc_mex:sfc_sf.obj
 0001:0001d000       mdl_ext_mode_exec_processing 000000018001e000 f   sfc_mex:sfc_sf.obj
 0001:0001d020       mdlExtModeExec             000000018001e020 f   sfc_mex:sfc_sf.obj
 0001:0001d1b0       mdlTerminate               000000018001e1b0 f   sfc_mex:sfc_sf.obj
 0001:0001d220       mdlRTW                     000000018001e220 f   sfc_mex:sfc_sf.obj
 0001:0001d250       mdlSetWorkWidths           000000018001e250 f   sfc_mex:sfc_sf.obj
 0001:0001d260       mdlProcessParameters       000000018001e260 f   sfc_mex:sfc_sf.obj
 0001:0001d270       mdl_start_processing       000000018001e270 f   sfc_mex:sfc_sf.obj
 0001:0001d2b0       mdlStart                   000000018001e2b0 f   sfc_mex:sfc_sf.obj
 0001:0001d3a0       mdlEnable                  000000018001e3a0 f   sfc_mex:sfc_sf.obj
 0001:0001d470       mdlDisable                 000000018001e470 f   sfc_mex:sfc_sf.obj
 0001:0001d520       sf_get_chart_instance_ptr  000000018001e520 f   sfc_mex:sfc_sf.obj
 0001:0001d540       sf_rtw_info_uint_prop      000000018001e540 f   sfc_mex:sfc_sf.obj
 0001:0001d6b0       sf_is_chart_inlinable      000000018001e6b0 f   sfc_mex:sfc_sf.obj
 0001:0001d6d0       sf_mark_output_events_with_multiple_callers 000000018001e6d0 f   sfc_mex:sfc_sf.obj
 0001:0001d890       sf_mark_chart_reusable_outputs 000000018001e890 f   sfc_mex:sfc_sf.obj
 0001:0001db10       sf_mark_chart_expressionable_inputs 000000018001eb10 f   sfc_mex:sfc_sf.obj
 0001:0001de70       sf_get_subchart_simstruct  000000018001ee70 f   sfc_mex:sfc_sf.obj
 0001:0001dec0       sf_write_symbol_mapping    000000018001eec0 f   sfc_mex:sfc_sf.obj
 0001:0001e110       sf_get_fixpt_data_type_id  000000018001f110 f   sfc_mex:sfc_sf.obj
 0001:0001e150       sf_get_enum_data_type_id   000000018001f150 f   sfc_mex:sfc_sf.obj
 0001:0001e190       sf_get_param_data_type_id  000000018001f190 f   sfc_mex:sfc_sf.obj
 0001:0001e1c0       sf_mex_listen_for_ctrl_c_force 000000018001f1c0 f   sfc_mex:sfc_sf.obj
 0001:0001e2d0       sf_mex_draw_now            000000018001f2d0 f   sfc_mex:sfc_sf.obj
 0001:0001e310       sf_mex_set_debugger_sim_status_listener_fcn 000000018001f310 f   sfc_mex:sfc_sf.obj
 0001:0001e320       sf_mex_listen_for_ctrl_c   000000018001f320 f   sfc_mex:sfc_sf.obj
 0001:0001e3b0       sf_mex_get_sfun_param      000000018001f3b0 f   sfc_mex:sfc_sf.obj
 0001:0001e400       sf_get_runtime_param_data  000000018001f400 f   sfc_mex:sfc_sf.obj
 0001:0001e440       sf_call_output_fcn_call    000000018001f440 f   sfc_mex:sfc_sf.obj
 0001:0001e580       sf_call_output_fcn_enable  000000018001f580 f   sfc_mex:sfc_sf.obj
 0001:0001e610       sf_call_output_fcn_disable 000000018001f610 f   sfc_mex:sfc_sf.obj
 0001:0001e6a0       sf_clear_rtw_identifier    000000018001f6a0 f   sfc_mex:sfc_sf.obj
 0001:0001ee90       sf_set_encoded_dwork_info  000000018001fe90 f   sfc_mex:sfc_sf.obj
 0001:0001eee0       sf_get_dwork_info_from_mat_file 000000018001fee0 f   sfc_mex:sfc_sf.obj
 0001:0001f0d0       sf_set_rtw_dwork_info      00000001800200d0 f   sfc_mex:sfc_sf.obj
 0001:0001f240       mdlOutputs                 0000000180020240 f   sfc_mex:sfc_sf.obj
 0001:0001f3e0       sf_debug_disp              00000001800203e0 f   sfc_debug:sfcdebug.obj
 0001:0001f640       sf_debug_data_runtime_size_mismatch_error_check 0000000180020640 f   sfc_debug:sfcdebug.obj
 0001:0001f6e0       sf_debug_try_loading_machine 00000001800206e0 f   sfc_debug:sfcdebug.obj
 0001:0001f7e0       sf_debug_reset_current_state_configuration 00000001800207e0 f   sfc_debug:sfcdebug.obj
 0001:0001f870       sf_debug_store_current_state_configuration 0000000180020870 f   sfc_debug:sfcdebug.obj
 0001:0001f900       sf_debug_restore_previous_state_configuration 0000000180020900 f   sfc_debug:sfcdebug.obj
 0001:0001f990       sf_debug_restore_previous_state_configuration2 0000000180020990 f   sfc_debug:sfcdebug.obj
 0001:0001fa20       sf_debug_get_event_scope   0000000180020a20 f   sfc_debug:sfcdebug.obj
 0001:0001fb90       use_debugger_step_animation 0000000180020b90 f   sfc_debug:sfcdebug.obj
 0001:0001fbb0       sf_debug_get_script_id     0000000180020bb0 f   sfc_debug:sfcdebug.obj
 0001:0001fc40       sf_debug_set_script_translation 0000000180020c40 f   sfc_debug:sfcdebug.obj
 0001:0001fd00       sf_debug_get_current_machine_id 0000000180020d00 f   sfc_debug:sfcdebug.obj
 0001:0001fd20       sf_debug_get_current_optional_integer 0000000180020d20 f   sfc_debug:sfcdebug.obj
 0001:0001fd30       sf_debug_get_current_machine_number 0000000180020d30 f   sfc_debug:sfcdebug.obj
 0001:0001fd50       sf_debug_get_current_machine_name 0000000180020d50 f   sfc_debug:sfcdebug.obj
 0001:0001fd70       sf_debug_get_current_chart_id 0000000180020d70 f   sfc_debug:sfcdebug.obj
 0001:0001fdc0       sf_debug_get_current_chart_number 0000000180020dc0 f   sfc_debug:sfcdebug.obj
 0001:0001fdd0       sf_debug_get_current_instance_number 0000000180020dd0 f   sfc_debug:sfcdebug.obj
 0001:0001fde0       sf_debug_get_current_is_minor_time_step 0000000180020de0 f   sfc_debug:sfcdebug.obj
 0001:0001fe60       sf_debug_get_current_object_type 0000000180020e60 f   sfc_debug:sfcdebug.obj
 0001:0001fe70       sf_debug_get_current_instance_handle 0000000180020e70 f   sfc_debug:sfcdebug.obj
 0001:0001fed0       sf_debug_get_current_event_type 0000000180020ed0 f   sfc_debug:sfcdebug.obj
 0001:0001fee0       sf_debug_get_current_object_id 0000000180020ee0 f   sfc_debug:sfcdebug.obj
 0001:0001ff20       sf_debug_get_current_active_event_type 0000000180020f20 f   sfc_debug:sfcdebug.obj
 0001:0001ff30       sf_debug_get_current_active_event_id 0000000180020f30 f   sfc_debug:sfcdebug.obj
 0001:0001ff70       sf_debug_get_current_tag_type 0000000180020f70 f   sfc_debug:sfcdebug.obj
 0001:0001ff80       sf_debug_get_current_simulation_time 0000000180020f80 f   sfc_debug:sfcdebug.obj
 0001:0001ff90       sf_debug_get_current_coverage_percentage 0000000180020f90 f   sfc_debug:sfcdebug.obj
 0001:0001ffa0       sf_debug_current_statement_context 0000000180020fa0 f   sfc_debug:sfcdebug.obj
 0001:00020030       sf_debug_get_current_statement_info 0000000180021030 f   sfc_debug:sfcdebug.obj
 0001:000201b0       sf_debug_terminate_instance 00000001800211b0 f   sfc_debug:sfcdebug.obj
 0001:000204c0       sf_debug_assertion_failed  00000001800214c0 f   sfc_debug:sfcdebug.obj
 0001:00020670       sf_debug_set_number_of_data_with_change_event_for_machine 0000000180021670 f   sfc_debug:sfcdebug.obj
 0001:000206b0       sf_debug_set_machine_event_thresholds 00000001800216b0 f   sfc_debug:sfcdebug.obj
 0001:000206d0       sf_debug_set_machine_event_scope 00000001800216d0 f   sfc_debug:sfcdebug.obj
 0001:00020710       sf_debug_set_machine_data_thresholds 0000000180021710 f   sfc_debug:sfcdebug.obj
 0001:00020750       sf_debug_set_machine_data_scope 0000000180021750 f   sfc_debug:sfcdebug.obj
 0001:000207e0       sf_debug_set_machine_data_name 00000001800217e0 f   sfc_debug:sfcdebug.obj
 0001:00020880       sf_debug_set_machine_data_size 0000000180021880 f   sfc_debug:sfcdebug.obj
 0001:000209c0       sf_debug_set_machine_data_type 00000001800219c0 f   sfc_debug:sfcdebug.obj
 0001:00020b30       sf_debug_get_chart_data_number 0000000180021b30 f   sfc_debug:sfcdebug.obj
 0001:00020b50       sf_debug_get_chart_event_number 0000000180021b50 f   sfc_debug:sfcdebug.obj
 0001:00020b70       sf_debug_set_chart_state_info 0000000180021b70 f   sfc_debug:sfcdebug.obj
 0001:00020bf0       sf_debug_set_chart_decomposition 0000000180021bf0 f   sfc_debug:sfcdebug.obj
 0001:00020c60       sf_debug_set_chart_substate_count 0000000180021c60 f   sfc_debug:sfcdebug.obj
 0001:00020d40       sf_debug_set_chart_substate_index 0000000180021d40 f   sfc_debug:sfcdebug.obj
 0001:00020db0       sf_debug_set_chart_state_substate_count 0000000180021db0 f   sfc_debug:sfcdebug.obj
 0001:00020ec0       sf_debug_set_chart_state_substate_index 0000000180021ec0 f   sfc_debug:sfcdebug.obj
 0001:00020f40       sf_debug_set_number_of_data_with_change_event_for_chart 0000000180021f40 f   sfc_debug:sfcdebug.obj
 0001:00020fc0       sf_debug_set_number_of_states_with_entry_event_for_chart 0000000180021fc0 f   sfc_debug:sfcdebug.obj
 0001:00021030       sf_debug_set_number_of_states_with_exit_event_for_chart 0000000180022030 f   sfc_debug:sfcdebug.obj
 0001:000210a0       sf_debug_set_chart_disable_implicit_casting 00000001800220a0 f   sfc_debug:sfcdebug.obj
 0001:00021110       sf_debug_set_chart_event_thresholds 0000000180022110 f   sfc_debug:sfcdebug.obj
 0001:00021180       sf_debug_set_chart_data_compiled_props 0000000180022180 f   sfc_debug:sfcdebug.obj
 0001:000214d0       sf_debug_set_chart_data_props 00000001800224d0 f   sfc_debug:sfcdebug.obj
 0001:000217f0       sf_debug_check_fi_license  00000001800227f0 f   sfc_debug:sfcdebug.obj
 0001:000219e0       sf_debug_symbol_scope_push 00000001800229e0 f   sfc_debug:sfcdebug.obj
 0001:00021a20       sf_debug_symbol_scope_push_eml 0000000180022a20 f   sfc_debug:sfcdebug.obj
 0001:00021a70       sf_debug_symbol_scope_pop  0000000180022a70 f   sfc_debug:sfcdebug.obj
 0001:00021ab0       sf_debug_symbol_scope_add_importable 0000000180022ab0 f   sfc_debug:sfcdebug.obj
 0001:00021b30       sf_debug_symbol_scope_add  0000000180022b30 f   sfc_debug:sfcdebug.obj
 0001:00021bb0       sf_debug_symbol_scope_add_dyn_importable 0000000180022bb0 f   sfc_debug:sfcdebug.obj
 0001:00021c70       sf_debug_symbol_scope_add_dyn 0000000180022c70 f   sfc_debug:sfcdebug.obj
 0001:00021ca0       sf_debug_symbol_scope_add_eml_importable 0000000180022ca0 f   sfc_debug:sfcdebug.obj
 0001:00021ce0       sf_debug_symbol_scope_add_eml 0000000180022ce0 f   sfc_debug:sfcdebug.obj
 0001:00021d20       sf_debug_symbol_scope_add_eml_dyn_importable 0000000180022d20 f   sfc_debug:sfcdebug.obj
 0001:00021d90       sf_debug_symbol_scope_add_eml_dyn 0000000180022d90 f   sfc_debug:sfcdebug.obj
 0001:00021df0       sf_debug_symbol_switch     0000000180022df0 f   sfc_debug:sfcdebug.obj
 0001:00021e10       sf_debug_symbol_scope_add_verbose 0000000180022e10 f   sfc_debug:sfcdebug.obj
 0001:00021ee0       sf_debug_set_machine_data_value_ptr 0000000180022ee0 f   sfc_debug:sfcdebug.obj
 0001:00021f20       sf_debug_set_instance_data_value_ptr 0000000180022f20 f   sfc_debug:sfcdebug.obj
 0001:00021fe0       sf_debug_unset_instance_data_value_ptr 0000000180022fe0 f   sfc_debug:sfcdebug.obj
 0001:00022090       sf_debug_set_chart_event_scope 0000000180023090 f   sfc_debug:sfcdebug.obj
 0001:00022110       sf_debug_set_chart_transition_coverage_maps 0000000180023110 f   sfc_debug:sfcdebug.obj
 0001:00022220       sf_debug_set_chart_state_coverage_maps 0000000180023220 f   sfc_debug:sfcdebug.obj
 0001:00022300       sf_debug_set_instance_transition_coverage_weights 0000000180023300 f   sfc_debug:sfcdebug.obj
 0001:000223a0       sf_debug_set_instance_state_coverage_weights 00000001800233a0 f   sfc_debug:sfcdebug.obj
 0001:000225f0       sf_debug_unload_machine    00000001800235f0 f   sfc_debug:sfcdebug.obj
 0001:00022640       sf_debug_load_machine      0000000180023640 f   sfc_debug:sfcdebug.obj
 0001:00022740       sf_debug_set_active_instance_in_data_dictionary 0000000180023740 f   sfc_debug:sfcdebug.obj
 0001:00022920       sf_debug_set_active_instance 0000000180023920 f   sfc_debug:sfcdebug.obj
 0001:00022a60       sf_debug_chart_visiblity_change 0000000180023a60 f   sfc_debug:sfcdebug.obj
 0001:00022b40       sf_debug_select_chart      0000000180023b40 f   sfc_debug:sfcdebug.obj
 0001:00022c10       sf_debug_set_instance_cv_ids 0000000180023c10 f   sfc_debug:sfcdebug.obj
 0001:00022f20       sf_debug_select_charts     0000000180023f20 f   sfc_debug:sfcdebug.obj
 0001:00023060       sf_debug_initialized       0000000180024060 f   sfc_debug:sfcdebug.obj
 0001:00023070       sf_debug_is_uninterruptible 0000000180024070 f   sfc_debug:sfcdebug.obj
 0001:000230a0       sf_debug_initialize_debugger_gui 00000001800240a0 f   sfc_debug:sfcdebug.obj
 0001:00023490       sf_debug_resume            0000000180024490 f   sfc_debug:sfcdebug.obj
 0001:000234b0       sf_debug_go                00000001800244b0 f   sfc_debug:sfcdebug.obj
 0001:000234c0       sf_debug_break             00000001800244c0 f   sfc_debug:sfcdebug.obj
 0001:000234d0       sf_debug_step_over         00000001800244d0 f   sfc_debug:sfcdebug.obj
 0001:000234e0       sf_debug_step_out          00000001800244e0 f   sfc_debug:sfcdebug.obj
 0001:000234f0       sf_debug_set_disable_all_breakpoints 00000001800244f0 f   sfc_debug:sfcdebug.obj
 0001:00023500       sf_debug_disable_all_breakpoints_and_go 0000000180024500 f   sfc_debug:sfcdebug.obj
 0001:00023510       sf_debug_break_on_chart_entry 0000000180024510 f   sfc_debug:sfcdebug.obj
 0001:00023520       sf_debug_break_on_event_broadcast 0000000180024520 f   sfc_debug:sfcdebug.obj
 0001:00023530       sf_debug_break_on_state_entry 0000000180024530 f   sfc_debug:sfcdebug.obj
 0001:00023540       sf_debug_break_between_times 0000000180024540 f   sfc_debug:sfcdebug.obj
 0001:00023560       sf_debug_browse_data       0000000180024560 f   sfc_debug:sfcdebug.obj
 0001:00023580       sf_debug_watch_data        0000000180024580 f   sfc_debug:sfcdebug.obj
 0001:000235a0       sf_debug_assign_data       00000001800245a0 f   sfc_debug:sfcdebug.obj
 0001:000235c0       sf_debug_whos              00000001800245c0 f   sfc_debug:sfcdebug.obj
 0001:000235e0       sf_debug_get_consistency_info 00000001800245e0 f   sfc_debug:sfcdebug.obj
 0001:000235f0       sf_debug_browse_trace      00000001800245f0 f   sfc_debug:sfcdebug.obj
 0001:00023600       sf_debug_set_breakpoints   0000000180024600 f   sfc_debug:sfcdebug.obj
 0001:00023760       sf_debug_set_eml_breakpoints 0000000180024760 f   sfc_debug:sfcdebug.obj
 0001:000238c0       sf_debug_set_script_breakpoints 00000001800248c0 f   sfc_debug:sfcdebug.obj
 0001:00023940       sf_debug_add_script_breakpoints 0000000180024940 f   sfc_debug:sfcdebug.obj
 0001:000239b0       sf_debug_clear_script_breakpoints 00000001800249b0 f   sfc_debug:sfcdebug.obj
 0001:00023a20       sf_debug_query_script_breakpoints 0000000180024a20 f   sfc_debug:sfcdebug.obj
 0001:00023ae0       sf_debug_get_eml_script_id 0000000180024ae0 f   sfc_debug:sfcdebug.obj
 0001:00023b30       sf_debug_set_watch         0000000180024b30 f   sfc_debug:sfcdebug.obj
 0001:00023d60       sf_debug_get_coverage      0000000180024d60 f   sfc_debug:sfcdebug.obj
 0001:00023d70       sf_debug_get_instance_handle 0000000180024d70 f   sfc_debug:sfcdebug.obj
 0001:00023e00       sf_debug_get_active_states 0000000180024e00 f   sfc_debug:sfcdebug.obj
 0001:00023e10       sf_debug_get_animation     0000000180024e10 f   sfc_debug:sfcdebug.obj
 0001:00023e20       sf_debug_set_animation     0000000180024e20 f   sfc_debug:sfcdebug.obj
 0001:00023e30       sf_debug_animate           0000000180024e30 f   sfc_debug:sfcdebug.obj
 0001:00023e60       sf_debug_cycle_detection_check 0000000180024e60 f   sfc_debug:sfcdebug.obj
 0001:00023e70       sf_debug_data_range_check  0000000180024e70 f   sfc_debug:sfcdebug.obj
 0001:00023e80       sf_debug_transition_conflict_check 0000000180024e80 f   sfc_debug:sfcdebug.obj
 0001:00023e90       sf_debug_state_consistency_check 0000000180024e90 f   sfc_debug:sfcdebug.obj
 0001:00023ea0       sf_debug_data_range_check_enabled 0000000180024ea0 f   sfc_debug:sfcdebug.obj
 0001:00023ec0       sf_debug_transition_conflict_check_enabled 0000000180024ec0 f   sfc_debug:sfcdebug.obj
 0001:00023ee0       sf_debug_transition_conflict_check_begin 0000000180024ee0 f   sfc_debug:sfcdebug.obj
 0001:00023f00       sf_debug_transition_conflict_check_end 0000000180024f00 f   sfc_debug:sfcdebug.obj
 0001:00023f20       sf_debug_stop_debugging    0000000180024f20 f   sfc_debug:sfcdebug.obj
 0001:00023f50       sf_debug_is_cycle_detected 0000000180024f50 f   sfc_debug:sfcdebug.obj
 0001:00023f60       sf_debug_is_array_bounds_detected 0000000180024f60 f   sfc_debug:sfcdebug.obj
 0001:00023f70       sf_debug_get_state_vectors_data_size 0000000180024f70 f   sfc_debug:sfcdebug.obj
 0001:00023fb0       sf_debug_get_state_vectors_data 0000000180024fb0 f   sfc_debug:sfcdebug.obj
 0001:000240b0       sf_debug_set_state_vectors_data 00000001800250b0 f   sfc_debug:sfcdebug.obj
 0001:00024370       sf_debug_get_script_index  0000000180025370 f   sfc_debug:sfcdebug.obj
 0001:00024500       sf_debug_add_script        0000000180025500 f   sfc_debug:sfcdebug.obj
 0001:00024690       cv_eval_point              0000000180025690 f   sfc_debug:sfcdebug.obj
 0001:00024800       sf_debug_cv_init_state     0000000180025800 f   sfc_debug:sfcdebug.obj
 0001:00024920       sf_debug_cv_init_chart     0000000180025920 f   sfc_debug:sfcdebug.obj
 0001:00024a00       sf_debug_cv_init_trans     0000000180025a00 f   sfc_debug:sfcdebug.obj
 0001:00024b70       cv_eml_init_script         0000000180025b70 f   sfc_debug:sfcdebug.obj
 0001:00024c50       cv_eml_init_fcn            0000000180025c50 f   sfc_debug:sfcdebug.obj
 0001:00024d00       cv_eml_init_testobjective  0000000180025d00 f   sfc_debug:sfcdebug.obj
 0001:00024db0       cv_eml_init_if             0000000180025db0 f   sfc_debug:sfcdebug.obj
 0001:00024e60       cv_eml_init_for            0000000180025e60 f   sfc_debug:sfcdebug.obj
 0001:00024f10       cv_eml_init_while          0000000180025f10 f   sfc_debug:sfcdebug.obj
 0001:00024fc0       cv_eml_init_mcdc           0000000180025fc0 f   sfc_debug:sfcdebug.obj
 0001:000250c0       cv_eml_init_switch         00000001800260c0 f   sfc_debug:sfcdebug.obj
 0001:000251a0       cv_eml_eval                00000001800261a0 f   sfc_debug:sfcdebug.obj
 0001:00025280       sf_debug_bm_is_a_eml_breakpoint 0000000180026280 f   sfc_debug:sfcdebug.obj
 0001:000253d0       sf_debug_temporal_threshold 00000001800263d0 f   sfc_debug:sfcdebug.obj
 0001:00025730       sf_debug_transition_conflict_error 0000000180026730 f   sfc_debug:sfcdebug.obj
 0001:00025ab0       sf_debug_state_inconsistency_error 0000000180026ab0 f   sfc_debug:sfcdebug.obj
 0001:00025bd0       sf_debug_check_for_state_inconsistency 0000000180026bd0 f   sfc_debug:sfcdebug.obj
 0001:00025c00       sf_debug_cycle_detecton_error 0000000180026c00 f   sfc_debug:sfcdebug.obj
 0001:000263f0       sf_debug_size_eq_check_1d  00000001800273f0 f   sfc_debug:sfcdebug.obj
 0001:00026410       sf_debug_size_eq_check_nd  0000000180027410 f   sfc_debug:sfcdebug.obj
 0001:000265f0       sf_debug_dim_size_eq_check 00000001800275f0 f   sfc_debug:sfcdebug.obj
 0001:00026620       sf_debug_dim_size_geq_check 0000000180027620 f   sfc_debug:sfcdebug.obj
 0001:00026650       sf_debug_sub_assign_size_check_nd 0000000180027650 f   sfc_debug:sfcdebug.obj
 0001:00026890       sf_debug_matrix_matrix_index_check 0000000180027890 f   sfc_debug:sfcdebug.obj
 0001:000268c0       sf_debug_vector_vector_index_check 00000001800278c0 f   sfc_debug:sfcdebug.obj
 0001:000268f0       sf_debug_runtime_error_msgid 00000001800278f0 f   sfc_debug:sfcdebug.obj
 0001:00026980       sf_debug_data_array_bounds_error_check 0000000180027980 f   sfc_debug:sfcdebug.obj
 0001:00026a90       sf_debug_eml_data_array_bounds_error_check 0000000180027a90 f   sfc_debug:sfcdebug.obj
 0001:00026f70       sf_debug_integer_check     0000000180027f70 f   sfc_debug:sfcdebug.obj
 0001:00027050       sf_debug_not_nan_check     0000000180028050 f   sfc_debug:sfcdebug.obj
 0001:00027110       sf_debug_non_negative_check 0000000180028110 f   sfc_debug:sfcdebug.obj
 0001:000271d0       sf_debug_overflow_detection 00000001800281d0 f   sfc_debug:sfcdebug.obj
 0001:000278c0       sf_debug_cast_to_real32_T  00000001800288c0 f   sfc_debug:sfcdebug.obj
 0001:00027980       sf_debug_cast_to_int8_T    0000000180028980 f   sfc_debug:sfcdebug.obj
 0001:00027a40       sf_debug_cast_to_uint8_T   0000000180028a40 f   sfc_debug:sfcdebug.obj
 0001:00027b00       sf_debug_cast_to_int16_T   0000000180028b00 f   sfc_debug:sfcdebug.obj
 0001:00027bc0       sf_debug_cast_to_uint16_T  0000000180028bc0 f   sfc_debug:sfcdebug.obj
 0001:00027c80       sf_debug_cast_to_int32_T   0000000180028c80 f   sfc_debug:sfcdebug.obj
 0001:00027d40       sf_debug_cast_to_uint32_T  0000000180028d40 f   sfc_debug:sfcdebug.obj
 0001:00027e00       sf_debug_data_range_error  0000000180028e00 f   sfc_debug:sfcdebug.obj
 0001:00028280       sf_debug_data_range_error_wrapper_min_max 0000000180029280 f   sfc_debug:sfcdebug.obj
 0001:00028370       sf_debug_data_range_error_wrapper_min 0000000180029370 f   sfc_debug:sfcdebug.obj
 0001:00028450       sf_debug_data_range_error_wrapper_max 0000000180029450 f   sfc_debug:sfcdebug.obj
 0001:00028530       sf_debug_data_range_wrapper 0000000180029530 f   sfc_debug:sfcdebug.obj
 0001:000285e0       sf_debug_set_current_status_info 00000001800295e0 f   sfc_debug:sfcdebug.obj
 0001:00028990       sf_debug_call              0000000180029990 f   sfc_debug:sfcdebug.obj
 0001:00029850       sf_debug_initialize_machine 000000018002a850 f   sfc_debug:sfcdebug.obj
 0001:00029b60       sf_debug_initialize_chart  000000018002ab60 f   sfc_debug:sfcdebug.obj
 0001:0002a040       sf_debug_ensure_script     000000018002b040 f   sfc_debug:sfcdebug.obj
 0001:0002a100       cv_script_init_script      000000018002b100 f   sfc_debug:sfcdebug.obj
 0001:0002a1e0       cv_script_init_fcn         000000018002b1e0 f   sfc_debug:sfcdebug.obj
 0001:0002a290       cv_script_init_testobjective 000000018002b290 f   sfc_debug:sfcdebug.obj
 0001:0002a340       cv_script_init_if          000000018002b340 f   sfc_debug:sfcdebug.obj
 0001:0002a3f0       cv_script_init_for         000000018002b3f0 f   sfc_debug:sfcdebug.obj
 0001:0002a4a0       cv_script_init_while       000000018002b4a0 f   sfc_debug:sfcdebug.obj
 0001:0002a550       cv_script_init_mcdc        000000018002b550 f   sfc_debug:sfcdebug.obj
 0001:0002a650       cv_script_init_switch      000000018002b650 f   sfc_debug:sfcdebug.obj
 0001:0002a730       cv_script_eval             000000018002b730 f   sfc_debug:sfcdebug.obj
 0001:0002a810       eml_debug_line_call        000000018002b810 f   sfc_debug:sfcdebug.obj
 0001:0002a9c0       sf_debug_terminate         000000018002b9c0 f   sfc_debug:sfcdebug.obj
 0001:0002ab30       sf_debug_set_script_cv_ids 000000018002bb30 f   sfc_debug:sfcdebug.obj
 0001:0002ad00       sf_debug_api               000000018002bd00 f   sfc_debug:sfc_api.obj
 0001:0002c530       sf_debug_sm_terminate      000000018002d530 f   sfc_debug:sfdb_animation.obj
 0001:0002c6f0       sf_debug_reset_path_objects 000000018002d6f0 f   sfc_debug:sfdb_animation.obj
 0001:0002c770       sf_debug_sm_reset_object_selection_status 000000018002d770 f   sfc_debug:sfdb_animation.obj
 0001:0002c810       sf_debug_sm_reset_state_buffer 000000018002d810 f   sfc_debug:sfdb_animation.obj
 0001:0002c8e0       sf_debug_sm_store_state_buffer 000000018002d8e0 f   sfc_debug:sfdb_animation.obj
 0001:0002c960       sf_debug_sm_restore_state_buffer1 000000018002d960 f   sfc_debug:sfdb_animation.obj
 0001:0002c9d0       sf_debug_sm_restore_state_buffer2 000000018002d9d0 f   sfc_debug:sfdb_animation.obj
 0001:0002ca40       sf_debug_sm_chart_active   000000018002da40 f   sfc_debug:sfdb_animation.obj
 0001:0002ca90       sf_debug_sm_select_active_objects 000000018002da90 f   sfc_debug:sfdb_animation.obj
 0001:0002cf40       sf_debug_sm_is_chart_active 000000018002df40 f   sfc_debug:sfdb_animation.obj
 0001:0002cf80       sf_debug_sm_is_state_active 000000018002df80 f   sfc_debug:sfdb_animation.obj
 0001:0002d1c0       sf_debug_sm_get_active_states 000000018002e1c0 f   sfc_debug:sfdb_animation.obj
 0001:0002d780       sf_debug_sm_initialize_instance 000000018002e780 f   sfc_debug:sfdb_animation.obj
 0001:0002d9d0       sf_debug_sm_change_object_selection_status 000000018002e9d0 f   sfc_debug:sfdb_animation.obj
 0001:0002dcc0       cv_create_interface        000000018002ecc0 f   sfc_debug:cv_sfinterface.obj
 0001:0002e020       cv_init_trans              000000018002f020 f   sfc_debug:cv_sfinterface.obj
 0001:0002e070       cv_init_state              000000018002f070 f   sfc_debug:cv_sfinterface.obj
 0001:0002e0e0       cv_init_chart              000000018002f0e0 f   sfc_debug:cv_sfinterface.obj
 0001:0002e130       cv_dec_update_call         000000018002f130 f   sfc_debug:cv_sfinterface.obj
 0001:0002e170       cv_cond_update_call        000000018002f170 f   sfc_debug:cv_sfinterface.obj
 0001:0002e1b0       cv_sigrange_update         000000018002f1b0 f   sfc_debug:cv_sfinterface.obj
 0001:0002e1f0       cvsf_eml_eval              000000018002f1f0 f   sfc_debug:cv_sfinterface.obj
 0001:0002e2d0       cvsf_eml_init_script       000000018002f2d0 f   sfc_debug:cv_sfinterface.obj
 0001:0002e350       cvsf_eml_init_fcn          000000018002f350 f   sfc_debug:cv_sfinterface.obj
 0001:0002e3b0       cvsf_eml_init_testobjective 000000018002f3b0 f   sfc_debug:cv_sfinterface.obj
 0001:0002e410       cvsf_eml_init_if           000000018002f410 f   sfc_debug:cv_sfinterface.obj
 0001:0002e470       cvsf_eml_init_for          000000018002f470 f   sfc_debug:cv_sfinterface.obj
 0001:0002e4c0       cvsf_eml_init_while        000000018002f4c0 f   sfc_debug:cv_sfinterface.obj
 0001:0002e510       cvsf_eml_init_mcdc         000000018002f510 f   sfc_debug:cv_sfinterface.obj
 0001:0002e5a0       cvsf_eml_init_switch       000000018002f5a0 f   sfc_debug:cv_sfinterface.obj
 0001:0002e610       cvsf_script_eval           000000018002f610 f   sfc_debug:cv_sfinterface.obj
 0001:0002e6f0       cvsf_script_init_script    000000018002f6f0 f   sfc_debug:cv_sfinterface.obj
 0001:0002e770       cvsf_script_init_fcn       000000018002f770 f   sfc_debug:cv_sfinterface.obj
 0001:0002e7d0       cvsf_script_init_testobjective 000000018002f7d0 f   sfc_debug:cv_sfinterface.obj
 0001:0002e830       cvsf_script_init_if        000000018002f830 f   sfc_debug:cv_sfinterface.obj
 0001:0002e890       cvsf_script_init_for       000000018002f890 f   sfc_debug:cv_sfinterface.obj
 0001:0002e8e0       cvsf_script_init_while     000000018002f8e0 f   sfc_debug:cv_sfinterface.obj
 0001:0002e930       cvsf_script_init_mcdc      000000018002f930 f   sfc_debug:cv_sfinterface.obj
 0001:0002e9c0       cvsf_script_init_switch    000000018002f9c0 f   sfc_debug:cv_sfinterface.obj
 0001:0002ea30       cv_destroy_interface       000000018002fa30 f   sfc_debug:cv_sfinterface.obj
 0001:0002ea50       cv_create_instance_objects 000000018002fa50 f   sfc_debug:cv_sfinterface.obj
 0001:0002ef00       cv_is_enabled              000000018002ff00 f   sfc_debug:cv_sfinterface.obj
 0001:0002ef10       sf_debug_cv_initialize_script 000000018002ff10 f   sfc_debug:cv_sfinterface.obj
 0001:0002f0c0       sf_debug_cv_initialize_instance 00000001800300c0 f   sfc_debug:cv_sfinterface.obj
 0001:0002f460       sf_debug_cv_terminate_chart 0000000180030460 f   sfc_debug:cv_sfinterface.obj
 0001:0002f5a0       cv_call_trans_test         00000001800305a0 f   sfc_debug:cv_sfinterface.obj
 0001:0002f5b0       cv_call_sub_cond_test      00000001800305b0 f   sfc_debug:cv_sfinterface.obj
 0001:0002f6e0       sf_debug_hm_initialize_instance 00000001800306e0 f   sfc_debug:sfdb_handle_management.obj
 0001:0002fc60       sf_debug_hm_get_object_id  0000000180030c60 f   sfc_debug:sfdb_handle_management.obj
 0001:00031bd0       sf_debug_object_is_eml_function 0000000180032bd0 f   sfc_debug:sfdb_handle_management.obj
 0001:00031c40       sf_debug_hm_initialize_ids_in_machine 0000000180032c40 f   sfc_debug:sfdb_handle_management.obj
 0001:00031db0       sf_debug_hm_initialize_ids_in_chart 0000000180032db0 f   sfc_debug:sfdb_handle_management.obj
 0001:00031ef0       sf_debug_hm_initialize_chart 0000000180032ef0 f   sfc_debug:sfdb_handle_management.obj
 0001:000326a0       sf_debug_hm_terminate      00000001800336a0 f   sfc_debug:sfdb_handle_management.obj
 0001:00032700       sf_debug_hm_initialize_machine 0000000180033700 f   sfc_debug:sfdb_handle_management.obj
 0001:00032eb0       sf_debug_st_initialize_machine 0000000180033eb0 f   sfc_debug:sfdb_data_browse.obj
 0001:00032f70       sf_debug_st_initialize_instance 0000000180033f70 f   sfc_debug:sfdb_data_browse.obj
 0001:000331a0       sf_debug_st_terminate      00000001800341a0 f   sfc_debug:sfdb_data_browse.obj
 0001:00033540       sf_debug_st_set_data_value_ptr_in_machine 0000000180034540 f   sfc_debug:sfdb_data_browse.obj
 0001:000335d0       sf_debug_st_set_data_value_ptr_in_instance 00000001800345d0 f   sfc_debug:sfdb_data_browse.obj
 0001:000336b0       sf_debug_st_unset_data_value_ptr_in_machine 00000001800346b0 f   sfc_debug:sfdb_data_browse.obj
 0001:00033720       sf_debug_st_unset_data_value_ptr_in_instance 0000000180034720 f   sfc_debug:sfdb_data_browse.obj
 0001:00033a30       sf_debug_mx_value          0000000180034a30 f   sfc_debug:sfdb_data_browse.obj
 0001:00033a90       sf_debug_mx_packed_vector  0000000180034a90 f   sfc_debug:sfdb_data_browse.obj
 0001:00033b70       sf_debug_mx_uint_vector    0000000180034b70 f   sfc_debug:sfdb_data_browse.obj
 0001:00033c30       sf_debug_st_get_double_value_from_void_ptr_vector 0000000180034c30 f   sfc_debug:sfdb_data_browse.obj
 0001:00034720       sf_debug_st_browse_data    0000000180035720 f   sfc_debug:sfdb_data_browse.obj
 0001:00034ec0       sf_debug_ss_initialize     0000000180035ec0 f   sfc_debug:sfdb_symbol_scope.obj
 0001:00034ee0       sf_debug_ss_terminate      0000000180035ee0 f   sfc_debug:sfdb_symbol_scope.obj
 0001:00034f70       sf_debug_ss_push_symbol_scope 0000000180035f70 f   sfc_debug:sfdb_symbol_scope.obj
 0001:00035070       sf_debug_ss_push_symbol_scope_eml 0000000180036070 f   sfc_debug:sfdb_symbol_scope.obj
 0001:000350d0       sf_debug_ss_pop_symbol_scope 00000001800360d0 f   sfc_debug:sfdb_symbol_scope.obj
 0001:00035180       sf_debug_ss_add_symbol     0000000180036180 f   sfc_debug:sfdb_symbol_scope.obj
 0001:000352e0       sf_debug_ss_add_symbol_eml 00000001800362e0 f   sfc_debug:sfdb_symbol_scope.obj
 0001:00035fc0       sf_debug_ss_set_data_value 0000000180036fc0 f   sfc_debug:sfdb_symbol_scope.obj
 0001:00036460       sf_debug_ss_watch_data     0000000180037460 f   sfc_debug:sfdb_symbol_scope.obj
 0001:00036500       sf_debug_ss_assign_data    0000000180037500 f   sfc_debug:sfdb_symbol_scope.obj
 0001:00036f00       get_data_entry_name        0000000180037f00 f   sfc_debug:sfdb_symbol_scope.obj
 0001:00036f50       sf_debug_ss_whos           0000000180037f50 f   sfc_debug:sfdb_symbol_scope.obj
 0001:00037660       sf_debug_cc_initialize_chart 0000000180038660 f   sfc_debug:sfdb_coverage.obj
 0001:00038050       sf_debug_cc_initialize_instance 0000000180039050 f   sfc_debug:sfdb_coverage.obj
 0001:00038e50       sf_debug_cc_terminate      0000000180039e50 f   sfc_debug:sfdb_coverage.obj
 0001:00038f40       sf_debug_cc_set_transition_maps 0000000180039f40 f   sfc_debug:sfdb_coverage.obj
 0001:00039070       sf_debug_cc_set_state_maps 000000018003a070 f   sfc_debug:sfdb_coverage.obj
 0001:00039150       sf_debug_cc_set_transition_weights 000000018003a150 f   sfc_debug:sfdb_coverage.obj
 0001:00039420       sf_debug_cc_set_state_weights 000000018003a420 f   sfc_debug:sfdb_coverage.obj
 0001:000396f0       sf_debug_cc_mark_transition_guard 000000018003a6f0 f   sfc_debug:sfdb_coverage.obj
 0001:00039780       sf_debug_cc_mark_transition_trigger 000000018003a780 f   sfc_debug:sfdb_coverage.obj
 0001:00039810       sf_debug_cc_mark_transition_decision 000000018003a810 f   sfc_debug:sfdb_coverage.obj
 0001:00039880       sf_debug_cc_mark_transition_condition_action 000000018003a880 f   sfc_debug:sfdb_coverage.obj
 0001:000398d0       sf_debug_cc_mark_transition_transition_action 000000018003a8d0 f   sfc_debug:sfdb_coverage.obj
 0001:00039920       sf_debug_cc_mark_state_entry 000000018003a920 f   sfc_debug:sfdb_coverage.obj
 0001:00039970       sf_debug_cc_mark_state_during 000000018003a970 f   sfc_debug:sfdb_coverage.obj
 0001:000399c0       sf_debug_cc_mark_state_exit 000000018003a9c0 f   sfc_debug:sfdb_coverage.obj
 0001:0003a200       sf_debug_cc_get_coverage   000000018003b200 f   sfc_debug:sfdb_coverage.obj
 0001:0003a7a0       sf_debug_bm_clear_script_breakpoints 000000018003b7a0 f   sfc_debug:sfdb_breakpoints.obj
 0001:0003a7d0       sf_debug_bm_set_script_breakpoint 000000018003b7d0 f   sfc_debug:sfdb_breakpoints.obj
 0001:0003a850       sf_debug_bm_clear_single_script_breakpoint 000000018003b850 f   sfc_debug:sfdb_breakpoints.obj
 0001:0003a8d0       sf_debug_bm_query_script_breakpoint 000000018003b8d0 f   sfc_debug:sfdb_breakpoints.obj
 0001:0003a920       sf_debug_bm_initialize_scripts 000000018003b920 f   sfc_debug:sfdb_breakpoints.obj
 0001:0003b040       sf_debug_bm_terminate      000000018003c040 f   sfc_debug:sfdb_breakpoints.obj
 0001:0003b330       sf_debug_bm_remove_all_breakpoints_in_machine 000000018003c330 f   sfc_debug:sfdb_breakpoints.obj
 0001:0003b3a0       sf_debug_bm_remove_all_breakpoints_in_chart 000000018003c3a0 f   sfc_debug:sfdb_breakpoints.obj
 0001:0003b4f0       sf_debug_bm_initialize_global_breakpoints 000000018003c4f0 f   sfc_debug:sfdb_breakpoints.obj
 0001:0003b670       sf_debug_bm_set_breakpoint 000000018003c670 f   sfc_debug:sfdb_breakpoints.obj
 0001:0003bca0       sf_debug_bm_set_eml_breakpoint 000000018003cca0 f   sfc_debug:sfdb_breakpoints.obj
 0001:0003bd40       sf_debug_bm_initialize_machine_breakpoint_map 000000018003cd40 f   sfc_debug:sfdb_breakpoints.obj
 0001:0003c160       sf_debug_bm_is_a_breakpoint 000000018003d160 f   sfc_debug:sfdb_breakpoints.obj
 0001:0003c680       sf_debug_bm_get_all_breakpoints_in_machine 000000018003d680 f   sfc_debug:sfdb_breakpoints.obj
 0001:0003c980       sf_debug_bm_get_all_breakpoints_in_chart 000000018003d980 f   sfc_debug:sfdb_breakpoints.obj
 0001:0003d640       sf_debug_bm_initialize_machine 000000018003e640 f   sfc_debug:sfdb_breakpoints.obj
 0001:0003d710       sf_debug_bm_initialize_chart 000000018003e710 f   sfc_debug:sfdb_breakpoints.obj
 0001:0003db30       sf_debug_sc_terminate      000000018003eb30 f   sfc_debug:sfdb_state_consistency.obj
 0001:0003de60       sf_debug_sc_is_chart_consistent 000000018003ee60 f   sfc_debug:sfdb_state_consistency.obj
 0001:0003e110       sf_debug_sc_get_consistency_error_info 000000018003f110 f   sfc_debug:sfdb_state_consistency.obj
 0001:0003e560       sf_debug_tm_terminate      000000018003f560 f   sfc_debug:sfdb_call_stack.obj
 0001:0003e620       sf_debug_tm_push_chart_instance 000000018003f620 f   sfc_debug:sfdb_call_stack.obj
 0001:0003e770       sf_debug_tm_pop_chart_instance 000000018003f770 f   sfc_debug:sfdb_call_stack.obj
 0001:0003e7d0       sf_debug_tm_push_trace_node 000000018003f7d0 f   sfc_debug:sfdb_call_stack.obj
 0001:0003e960       sf_debug_tm_pop_trace_node 000000018003f960 f   sfc_debug:sfdb_call_stack.obj
 0001:0003e9e0       sf_debug_tm_get_current_global_trace_index 000000018003f9e0 f   sfc_debug:sfdb_call_stack.obj
 0001:0003e9f0       sf_debug_tm_get_current_local_trace_index 000000018003f9f0 f   sfc_debug:sfdb_call_stack.obj
 0001:0003ea20       sf_debug_tm_set_cycle_detected_flag 000000018003fa20 f   sfc_debug:sfdb_call_stack.obj
 0001:0003ea60       sf_debug_tm_set_cycle_started_flag 000000018003fa60 f   sfc_debug:sfdb_call_stack.obj
 0001:0003eaa0       sf_debug_tm_get_chart_number_from_stack 000000018003faa0 f   sfc_debug:sfdb_call_stack.obj
 0001:0003eca0       sf_debug_tm_browse_trace   000000018003fca0 f   sfc_debug:sfdb_call_stack.obj
 0001:0003efe0       sf_debug_cd_initialize_instance 000000018003ffe0 f   sfc_debug:sfdb_cycle_detection.obj
 0001:0003f290       sf_debug_cd_mark_processed_transition_in_instance 0000000180040290 f   sfc_debug:sfdb_cycle_detection.obj
 0001:0003f330       sf_debug_cd_checksum_push  0000000180040330 f   sfc_debug:sfdb_cycle_detection.obj
 0001:0003f5f0       sf_debug_cd_checksum_pop   00000001800405f0 f   sfc_debug:sfdb_cycle_detection.obj
 0001:0003f660       sf_debug_cd_turn_off_cycle_detection 0000000180040660 f   sfc_debug:sfdb_cycle_detection.obj
 0001:0003f6b0       sf_debug_cd_terminate      00000001800406b0 f   sfc_debug:sfdb_cycle_detection.obj
 0001:0003f8f0       md5_initialize_state       00000001800408f0 f   sfc_debug:ckmd5.obj
 0001:00040360       md5_update_state           0000000180041360 f   sfc_debug:ckmd5.obj
 0001:00040380       md5_get_hash               0000000180041380 f   sfc_debug:ckmd5.obj
 0001:000403b0       md5_get_hash_for_a_single_string 00000001800413b0 f   sfc_debug:ckmd5.obj
 0001:00040414       mxGetPr                    0000000180041414 f   libmx:libmx.dll
 0001:0004041a       mxCreateDoubleScalar       000000018004141a f   libmx:libmx.dll
 0001:00040420       mxSetField_730             0000000180041420 f   libmx:libmx.dll
 0001:00040426       mxCreateDoubleMatrix_730   0000000180041426 f   libmx:libmx.dll
 0001:0004042c       mxCreateStructMatrix_730   000000018004142c f   libmx:libmx.dll
 0001:00040432       mxDestroyArray             0000000180041432 f   libmx:libmx.dll
 0001:00040438       mxCreateString             0000000180041438 f   libmx:libmx.dll
 0001:0004043e       mxDuplicateArray           000000018004143e f   libmx:libmx.dll
 0001:00040444       mxGetString_730            0000000180041444 f   libmx:libmx.dll
 0001:0004044a       mxIsChar                   000000018004144a f   libmx:libmx.dll
 0001:00040450       mxGetClassID               0000000180041450 f   libmx:libmx.dll
 0001:00040456       mxIsNumeric                0000000180041456 f   libmx:libmx.dll
 0001:0004045c       mxIsComplex                000000018004145c f   libmx:libmx.dll
 0001:00040462       mxGetN                     0000000180041462 f   libmx:libmx.dll
 0001:00040468       mxGetM                     0000000180041468 f   libmx:libmx.dll
 0001:0004046e       mxCalloc                   000000018004146e f   libmx:libmx.dll
 0001:00040474       mxGetScalar                0000000180041474 f   libmx:libmx.dll
 0001:0004047a       mxIsLogical                000000018004147a f   libmx:libmx.dll
 0001:00040480       mxCreateDoubleMatrix_700   0000000180041480 f   libmx:libmx.dll
 0001:00040486       mxFree                     0000000180041486 f   libmx:libmx.dll
 0001:0004048c       mxArrayToString            000000018004148c f   libmx:libmx.dll
 0001:00040492       mxCreateCellMatrix_700     0000000180041492 f   libmx:libmx.dll
 0001:00040498       mxSetCell_700              0000000180041498 f   libmx:libmx.dll
 0001:0004049e       mxGetCell_700              000000018004149e f   libmx:libmx.dll
 0001:000404a4       mxGetClassName             00000001800414a4 f   libmx:libmx.dll
 0001:000404aa       mxSetField_700             00000001800414aa f   libmx:libmx.dll
 0001:000404b0       mxAddField                 00000001800414b0 f   libmx:libmx.dll
 0001:000404b6       mxGetField_700             00000001800414b6 f   libmx:libmx.dll
 0001:000404bc       mxGetNumberOfElements      00000001800414bc f   libmx:libmx.dll
 0001:000404c2       mxIsStruct                 00000001800414c2 f   libmx:libmx.dll
 0001:000404c8       mxIsClass                  00000001800414c8 f   libmx:libmx.dll
 0001:000404ce       mxGetLogicals              00000001800414ce f   libmx:libmx.dll
 0001:000404d4       mxIsSparse                 00000001800414d4 f   libmx:libmx.dll
 0001:000404da       mxSetFieldByNumber_700     00000001800414da f   libmx:libmx.dll
 0001:000404e0       mxGetFieldByNumber_700     00000001800414e0 f   libmx:libmx.dll
 0001:000404e6       mxGetFieldNameByNumber     00000001800414e6 f   libmx:libmx.dll
 0001:000404ec       mxGetNumberOfFields        00000001800414ec f   libmx:libmx.dll
 0001:000404f2       mxCreateStructMatrix_700   00000001800414f2 f   libmx:libmx.dll
 0001:000404f8       mxGetFieldNumber           00000001800414f8 f   libmx:libmx.dll
 0001:000404fe       mxIsNaN                    00000001800414fe f   libmx:libmx.dll
 0001:00040504       mxIsEmpty                  0000000180041504 f   libmx:libmx.dll
 0001:0004050a       mxGetData                  000000018004150a f   libmx:libmx.dll
 0001:00040510       mxGetImagData              0000000180041510 f   libmx:libmx.dll
 0001:00040516       mxArrayClassIDName         0000000180041516 f   libmx:libmx.dll
 0001:0004051c       mxCreateNumericMatrix_700  000000018004151c f   libmx:libmx.dll
 0001:00040522       mxCreateStructArray_700    0000000180041522 f   libmx:libmx.dll
 0001:00040528       mxCalcSingleSubscript_700  0000000180041528 f   libmx:libmx.dll
 0001:0004052e       mxGetDimensions_700        000000018004152e f   libmx:libmx.dll
 0001:00040534       mxGetNumberOfDimensions_700 0000000180041534 f   libmx:libmx.dll
 0001:0004053a       mxCreateNumericArray_700   000000018004153a f   libmx:libmx.dll
 0001:00040540       mxGetElementSize           0000000180041540 f   libmx:libmx.dll
 0001:00040546       mxCreateStringFromNChars_700 0000000180041546 f   libmx:libmx.dll
 0001:0004054c       mxGetString_700            000000018004154c f   libmx:libmx.dll
 0001:00040552       mxIsLogicalScalarTrue      0000000180041552 f   libmx:libmx.dll
 0001:00040558       mxCreateLogicalScalar      0000000180041558 f   libmx:libmx.dll
 0001:0004055e       mexUnlock                  000000018004155e f   libmex:libmex.dll
 0001:00040564       mexIsLocked                0000000180041564 f   libmex:libmex.dll
 0001:0004056a       mexWarnMsgTxt              000000018004156a f   libmex:libmex.dll
 0001:00040570       mexCallMATLAB              0000000180041570 f   libmex:libmex.dll
 0001:00040576       mexErrMsgTxt               0000000180041576 f   libmex:libmex.dll
 0001:0004057c       mexSetTrapFlag             000000018004157c f   libmex:libmex.dll
 0001:00040582       mexMakeArrayPersistent     0000000180041582 f   libmex:libmex.dll
 0001:00040588       mexPutVariable             0000000180041588 f   libmex:libmex.dll
 0001:0004058e       mexGetVariable             000000018004158e f   libmex:libmex.dll
 0001:00040594       mexLock                    0000000180041594 f   libmex:libmex.dll
 0001:0004059a       mexMakeMemoryPersistent    000000018004159a f   libmex:libmex.dll
 0001:000405a0       mexFunctionName            00000001800415a0 f   libmex:libmex.dll
 0001:000405a6       ssRegisterDataTypeFxpFSlopeFixExpBias 00000001800415a6 f   libfixedpoint:libfixedpoint.dll
 0001:000405ac       utVSNprintf                00000001800415ac f   libut:libut.dll
 0001:000405b2       utCPUtime                  00000001800415b2 f   libut:libut.dll
 0001:000405b8       utFree                     00000001800415b8 f   libut:libut.dll
 0001:000405be       utMalloc                   00000001800415be f   libut:libut.dll
 0001:000405c4       muDoubleScalarFloor        00000001800415c4 f   libmwmathutil:libmwmathutil.dll
 0001:000405ca       muDoubleScalarAtan2        00000001800415ca f   libmwmathutil:libmwmathutil.dll
 0001:000405d0       emlrtCheckBuiltInCtxR2011a 00000001800415d0 f   libemlrt:libemlrt.dll
 0001:000405d6       emlrtCheckVsBuiltInCtxR2011a 00000001800415d6 f   libemlrt:libemlrt.dll
 0001:000405dc       emlrtCheckEnumR2009a       00000001800415dc f   libemlrt:libemlrt.dll
 0001:000405e2       emlrtCreateEnumR2010a      00000001800415e2 f   libemlrt:libemlrt.dll
 0001:000405e8       emlrtGetEnumElementR2009a  00000001800415e8 f   libemlrt:libemlrt.dll
 0001:000405ee       emlrtCreateReference       00000001800415ee f   libemlrt:libemlrt.dll
 0001:000405f4       emlrtImportVsFiArrayR2009b 00000001800415f4 f   libemlrt:libemlrt.dll
 0001:000405fa       emlrtExtractMessageId      00000001800415fa f   libemlrt:libemlrt.dll
 0001:00040600       emlrtTranslateMessageIDtoLCPstring 0000000180041600 f   libemlrt:libemlrt.dll
 0001:00040606       emlrtGetEnumUnderlyingArrayR2009a 0000000180041606 f   libemlrt:libemlrt.dll
 0001:0004060c       emlrtIsEnumR2009a          000000018004160c f   libemlrt:libemlrt.dll
 0001:00040612       strlen                     0000000180041612 f   MSVCRT:MSVCR100.dll
 0001:00040618       __GSHandlerCheckCommon     0000000180041618 f   MSVCRT:gshandler.obj
 0001:0004067c       __GSHandlerCheck           000000018004167c f   MSVCRT:gshandler.obj
 0001:000406b0       __security_check_cookie    00000001800416b0 f   MSVCRT:amdsecgs.obj
 0001:000406d0       memset                     00000001800416d0 f   MSVCRT:MSVCR100.dll
 0001:000406d6       malloc                     00000001800416d6 f   MSVCRT:MSVCR100.dll
 0001:000406dc       free                       00000001800416dc f   MSVCRT:MSVCR100.dll
 0001:000406e2       strcmp                     00000001800416e2 f   MSVCRT:MSVCR100.dll
 0001:000406e8       sprintf                    00000001800416e8 f   MSVCRT:MSVCR100.dll
 0001:000406ee       strcat                     00000001800416ee f   MSVCRT:MSVCR100.dll
 0001:000406f4       memcpy                     00000001800416f4 f   MSVCRT:MSVCR100.dll
 0001:000406fc       NtCurrentTeb               00000001800416fc f i MSVCRT:crtdll.obj
 0001:00040768       _CRT_INIT                  0000000180041768 f   MSVCRT:crtdll.obj
 0001:00040b00       _DllMainCRTStartup         0000000180041b00 f   MSVCRT:crtdll.obj
 0001:00040b3e       strncpy                    0000000180041b3e f   MSVCRT:MSVCR100.dll
 0001:00040b60       __chkstk                   0000000180041b60 f   MSVCRT:chkstk.obj
 0001:00040b60       _alloca_probe              0000000180041b60     MSVCRT:chkstk.obj
 0001:00040bae       longjmp                    0000000180041bae f   MSVCRT:MSVCR100.dll
 0001:00040bb4       strncmp                    0000000180041bb4 f   MSVCRT:MSVCR100.dll
 0001:00040bba       ceil                       0000000180041bba f   MSVCRT:MSVCR100.dll
 0001:00040bc0       strrchr                    0000000180041bc0 f   MSVCRT:MSVCR100.dll
 0001:00040bc6       _setjmp                    0000000180041bc6 f   MSVCRT:MSVCR100.dll
 0001:00040bcc       calloc                     0000000180041bcc f   MSVCRT:MSVCR100.dll
 0001:00040bd2       realloc                    0000000180041bd2 f   MSVCRT:MSVCR100.dll
 0001:00040bd8       ldexp                      0000000180041bd8 f   MSVCRT:MSVCR100.dll
 0001:00040be0       __report_gsfailure         0000000180041be0 f   MSVCRT:gs_report.obj
 0001:00040d2c       __clean_type_info_names    0000000180041d2c f   MSVCRT:tncleanup.obj
 0001:00040d38       _onexit                    0000000180041d38 f   MSVCRT:atonexit.obj
 0001:00040de8       atexit                     0000000180041de8 f   MSVCRT:atonexit.obj
 0001:00040e00       _RTC_Initialize            0000000180041e00 f   MSVCRT:_initsect_.obj
 0001:00040e38       _RTC_Terminate             0000000180041e38 f   MSVCRT:_initsect_.obj
 0001:00040e70       _malloc_crt                0000000180041e70 f   MSVCRT:MSVCR100.dll
 0001:00040e80       _ValidateImageBase         0000000180041e80 f   MSVCRT:pesect.obj
 0001:00040eb0       _FindPESection             0000000180041eb0 f   MSVCRT:pesect.obj
 0001:00040f00       _IsNonwritableInCurrentImage 0000000180041f00 f   MSVCRT:pesect.obj
 0001:00040f42       _initterm                  0000000180041f42 f   MSVCRT:MSVCR100.dll
 0001:00040f48       _initterm_e                0000000180041f48 f   MSVCRT:MSVCR100.dll
 0001:00040f4e       _encoded_null              0000000180041f4e f   MSVCRT:MSVCR100.dll
 0001:00040f54       _amsg_exit                 0000000180041f54 f   MSVCRT:MSVCR100.dll
 0001:00040f5a       __C_specific_handler       0000000180041f5a f   MSVCRT:MSVCR100.dll
 0001:00040f60       __CppXcptFilter            0000000180041f60 f   MSVCRT:MSVCR100.dll
 0001:00040f68       DllMain                    0000000180041f68 f   MSVCRT:dllmain.obj
 0001:00040f8c       __security_init_cookie     0000000180041f8c f   MSVCRT:gs_support.obj
 0001:00041040       __crt_debugger_hook        0000000180042040 f   MSVCRT:MSVCR100.dll
 0001:00041046       __clean_type_info_names_internal 0000000180042046 f   MSVCRT:MSVCR100.dll
 0001:0004104c       _unlock                    000000018004204c f   MSVCRT:MSVCR100.dll
 0001:00041052       __dllonexit                0000000180042052 f   MSVCRT:MSVCR100.dll
 0001:00041058       _lock                      0000000180042058 f   MSVCRT:MSVCR100.dll
 0001:0004105e       EncodePointer              000000018004205e f   kernel32:KERNEL32.dll
 0001:00041064       DecodePointer              0000000180042064 f   kernel32:KERNEL32.dll
 0001:0004106a       Sleep                      000000018004206a f   kernel32:KERNEL32.dll
 0001:00041070       TerminateProcess           0000000180042070 f   kernel32:KERNEL32.dll
 0001:00041076       GetCurrentProcess          0000000180042076 f   kernel32:KERNEL32.dll
 0001:0004107c       UnhandledExceptionFilter   000000018004207c f   kernel32:KERNEL32.dll
 0001:00041082       SetUnhandledExceptionFilter 0000000180042082 f   kernel32:KERNEL32.dll
 0001:00041088       IsDebuggerPresent          0000000180042088 f   kernel32:KERNEL32.dll
 0001:0004108e       RtlVirtualUnwind           000000018004208e f   kernel32:KERNEL32.dll
 0001:00041094       RtlLookupFunctionEntry     0000000180042094 f   kernel32:KERNEL32.dll
 0001:0004109a       RtlCaptureContext          000000018004209a f   kernel32:KERNEL32.dll
 0001:000410a0       DisableThreadLibraryCalls  00000001800420a0 f   kernel32:KERNEL32.dll
 0001:000410a6       QueryPerformanceCounter    00000001800420a6 f   kernel32:KERNEL32.dll
 0001:000410ac       GetTickCount               00000001800420ac f   kernel32:KERNEL32.dll
 0001:000410b2       GetCurrentThreadId         00000001800420b2 f   kernel32:KERNEL32.dll
 0001:000410b8       GetCurrentProcessId        00000001800420b8 f   kernel32:KERNEL32.dll
 0001:000410be       GetSystemTimeAsFileTime    00000001800420be f   kernel32:KERNEL32.dll
 0002:00000000       __imp_GetSystemTimeAsFileTime 0000000180043000     kernel32:KERNEL32.dll
 0002:00000008       __imp_GetCurrentProcessId  0000000180043008     kernel32:KERNEL32.dll
 0002:00000010       __imp_GetCurrentThreadId   0000000180043010     kernel32:KERNEL32.dll
 0002:00000018       __imp_GetTickCount         0000000180043018     kernel32:KERNEL32.dll
 0002:00000020       __imp_QueryPerformanceCounter 0000000180043020     kernel32:KERNEL32.dll
 0002:00000028       __imp_DisableThreadLibraryCalls 0000000180043028     kernel32:KERNEL32.dll
 0002:00000030       __imp_RtlCaptureContext    0000000180043030     kernel32:KERNEL32.dll
 0002:00000038       __imp_RtlLookupFunctionEntry 0000000180043038     kernel32:KERNEL32.dll
 0002:00000040       __imp_RtlVirtualUnwind     0000000180043040     kernel32:KERNEL32.dll
 0002:00000048       __imp_IsDebuggerPresent    0000000180043048     kernel32:KERNEL32.dll
 0002:00000050       __imp_SetUnhandledExceptionFilter 0000000180043050     kernel32:KERNEL32.dll
 0002:00000058       __imp_UnhandledExceptionFilter 0000000180043058     kernel32:KERNEL32.dll
 0002:00000060       __imp_GetCurrentProcess    0000000180043060     kernel32:KERNEL32.dll
 0002:00000068       __imp_TerminateProcess     0000000180043068     kernel32:KERNEL32.dll
 0002:00000070       __imp_Sleep                0000000180043070     kernel32:KERNEL32.dll
 0002:00000078       __imp_DecodePointer        0000000180043078     kernel32:KERNEL32.dll
 0002:00000080       __imp_EncodePointer        0000000180043080     kernel32:KERNEL32.dll
 0002:00000088       \177KERNEL32_NULL_THUNK_DATA 0000000180043088     kernel32:KERNEL32.dll
 0002:00000090       __imp__onexit              0000000180043090     MSVCRT:MSVCR100.dll
 0002:00000098       __imp__lock                0000000180043098     MSVCRT:MSVCR100.dll
 0002:000000a0       __imp___dllonexit          00000001800430a0     MSVCRT:MSVCR100.dll
 0002:000000a8       __imp__unlock              00000001800430a8     MSVCRT:MSVCR100.dll
 0002:000000b0       __imp___clean_type_info_names_internal 00000001800430b0     MSVCRT:MSVCR100.dll
 0002:000000b8       __imp___crt_debugger_hook  00000001800430b8     MSVCRT:MSVCR100.dll
 0002:000000c0       __imp___CppXcptFilter      00000001800430c0     MSVCRT:MSVCR100.dll
 0002:000000c8       __imp___C_specific_handler 00000001800430c8     MSVCRT:MSVCR100.dll
 0002:000000d0       __imp__amsg_exit           00000001800430d0     MSVCRT:MSVCR100.dll
 0002:000000d8       __imp__encoded_null        00000001800430d8     MSVCRT:MSVCR100.dll
 0002:000000e0       __imp__initterm_e          00000001800430e0     MSVCRT:MSVCR100.dll
 0002:000000e8       __imp__initterm            00000001800430e8     MSVCRT:MSVCR100.dll
 0002:000000f0       __imp__malloc_crt          00000001800430f0     MSVCRT:MSVCR100.dll
 0002:000000f8       __imp_ldexp                00000001800430f8     MSVCRT:MSVCR100.dll
 0002:00000100       __imp_realloc              0000000180043100     MSVCRT:MSVCR100.dll
 0002:00000108       __imp_calloc               0000000180043108     MSVCRT:MSVCR100.dll
 0002:00000110       __imp__setjmp              0000000180043110     MSVCRT:MSVCR100.dll
 0002:00000118       __imp_strrchr              0000000180043118     MSVCRT:MSVCR100.dll
 0002:00000120       __imp_ceil                 0000000180043120     MSVCRT:MSVCR100.dll
 0002:00000128       __imp_strncmp              0000000180043128     MSVCRT:MSVCR100.dll
 0002:00000130       __imp_longjmp              0000000180043130     MSVCRT:MSVCR100.dll
 0002:00000138       __imp_strncpy              0000000180043138     MSVCRT:MSVCR100.dll
 0002:00000140       __imp_memcpy               0000000180043140     MSVCRT:MSVCR100.dll
 0002:00000148       __imp_strcat               0000000180043148     MSVCRT:MSVCR100.dll
 0002:00000150       __imp_sprintf              0000000180043150     MSVCRT:MSVCR100.dll
 0002:00000158       __imp_strcmp               0000000180043158     MSVCRT:MSVCR100.dll
 0002:00000160       __imp_free                 0000000180043160     MSVCRT:MSVCR100.dll
 0002:00000168       __imp_malloc               0000000180043168     MSVCRT:MSVCR100.dll
 0002:00000170       __imp_memset               0000000180043170     MSVCRT:MSVCR100.dll
 0002:00000178       __imp_strlen               0000000180043178     MSVCRT:MSVCR100.dll
 0002:00000180       \177MSVCR100_NULL_THUNK_DATA 0000000180043180     MSVCRT:MSVCR100.dll
 0002:00000188       __imp_emlrtIsEnumR2009a    0000000180043188     libemlrt:libemlrt.dll
 0002:00000190       __imp_emlrtGetEnumUnderlyingArrayR2009a 0000000180043190     libemlrt:libemlrt.dll
 0002:00000198       __imp_emlrtTranslateMessageIDtoLCPstring 0000000180043198     libemlrt:libemlrt.dll
 0002:000001a0       __imp_emlrtExtractMessageId 00000001800431a0     libemlrt:libemlrt.dll
 0002:000001a8       __imp_emlrtImportVsFiArrayR2009b 00000001800431a8     libemlrt:libemlrt.dll
 0002:000001b0       __imp_emlrtCreateReference 00000001800431b0     libemlrt:libemlrt.dll
 0002:000001b8       __imp_emlrtGetEnumElementR2009a 00000001800431b8     libemlrt:libemlrt.dll
 0002:000001c0       __imp_emlrtCreateEnumR2010a 00000001800431c0     libemlrt:libemlrt.dll
 0002:000001c8       __imp_emlrtCheckEnumR2009a 00000001800431c8     libemlrt:libemlrt.dll
 0002:000001d0       __imp_emlrtCheckVsBuiltInCtxR2011a 00000001800431d0     libemlrt:libemlrt.dll
 0002:000001d8       __imp_emlrtCheckBuiltInCtxR2011a 00000001800431d8     libemlrt:libemlrt.dll
 0002:000001e0       \177libemlrt_NULL_THUNK_DATA 00000001800431e0     libemlrt:libemlrt.dll
 0002:000001e8       __imp_ssRegisterDataTypeFxpFSlopeFixExpBias 00000001800431e8     libfixedpoint:libfixedpoint.dll
 0002:000001f0       \177libfixedpoint_NULL_THUNK_DATA 00000001800431f0     libfixedpoint:libfixedpoint.dll
 0002:000001f8       __imp_mexPutVariable       00000001800431f8     libmex:libmex.dll
 0002:00000200       __imp_mexGetVariable       0000000180043200     libmex:libmex.dll
 0002:00000208       __imp_mexLock              0000000180043208     libmex:libmex.dll
 0002:00000210       __imp_mexMakeMemoryPersistent 0000000180043210     libmex:libmex.dll
 0002:00000218       __imp_mexFunctionName      0000000180043218     libmex:libmex.dll
 0002:00000220       __imp_mexMakeArrayPersistent 0000000180043220     libmex:libmex.dll
 0002:00000228       __imp_mexSetTrapFlag       0000000180043228     libmex:libmex.dll
 0002:00000230       __imp_mexIsLocked          0000000180043230     libmex:libmex.dll
 0002:00000238       __imp_mexWarnMsgTxt        0000000180043238     libmex:libmex.dll
 0002:00000240       __imp_mexUnlock            0000000180043240     libmex:libmex.dll
 0002:00000248       __imp_mexCallMATLAB        0000000180043248     libmex:libmex.dll
 0002:00000250       __imp_mexErrMsgTxt         0000000180043250     libmex:libmex.dll
 0002:00000258       \177libmex_NULL_THUNK_DATA 0000000180043258     libmex:libmex.dll
 0002:00000260       __imp_muDoubleScalarAtan2  0000000180043260     libmwmathutil:libmwmathutil.dll
 0002:00000268       __imp_muDoubleScalarFloor  0000000180043268     libmwmathutil:libmwmathutil.dll
 0002:00000270       \177libmwmathutil_NULL_THUNK_DATA 0000000180043270     libmwmathutil:libmwmathutil.dll
 0002:00000278       __imp_mxCreateStructMatrix_730 0000000180043278     libmx:libmx.dll
 0002:00000280       __imp_mxSetField_730       0000000180043280     libmx:libmx.dll
 0002:00000288       __imp_mxCreateDoubleScalar 0000000180043288     libmx:libmx.dll
 0002:00000290       __imp_mxCreateDoubleMatrix_730 0000000180043290     libmx:libmx.dll
 0002:00000298       __imp_mxDestroyArray       0000000180043298     libmx:libmx.dll
 0002:000002a0       __imp_mxCreateLogicalScalar 00000001800432a0     libmx:libmx.dll
 0002:000002a8       __imp_mxIsLogicalScalarTrue 00000001800432a8     libmx:libmx.dll
 0002:000002b0       __imp_mxGetString_700      00000001800432b0     libmx:libmx.dll
 0002:000002b8       __imp_mxCreateStringFromNChars_700 00000001800432b8     libmx:libmx.dll
 0002:000002c0       __imp_mxGetElementSize     00000001800432c0     libmx:libmx.dll
 0002:000002c8       __imp_mxCreateNumericArray_700 00000001800432c8     libmx:libmx.dll
 0002:000002d0       __imp_mxGetNumberOfDimensions_700 00000001800432d0     libmx:libmx.dll
 0002:000002d8       __imp_mxGetDimensions_700  00000001800432d8     libmx:libmx.dll
 0002:000002e0       __imp_mxCalcSingleSubscript_700 00000001800432e0     libmx:libmx.dll
 0002:000002e8       __imp_mxCreateStructArray_700 00000001800432e8     libmx:libmx.dll
 0002:000002f0       __imp_mxCreateNumericMatrix_700 00000001800432f0     libmx:libmx.dll
 0002:000002f8       __imp_mxArrayClassIDName   00000001800432f8     libmx:libmx.dll
 0002:00000300       __imp_mxGetImagData        0000000180043300     libmx:libmx.dll
 0002:00000308       __imp_mxGetData            0000000180043308     libmx:libmx.dll
 0002:00000310       __imp_mxIsEmpty            0000000180043310     libmx:libmx.dll
 0002:00000318       __imp_mxIsNaN              0000000180043318     libmx:libmx.dll
 0002:00000320       __imp_mxGetFieldNumber     0000000180043320     libmx:libmx.dll
 0002:00000328       __imp_mxCreateStructMatrix_700 0000000180043328     libmx:libmx.dll
 0002:00000330       __imp_mxGetNumberOfFields  0000000180043330     libmx:libmx.dll
 0002:00000338       __imp_mxGetFieldNameByNumber 0000000180043338     libmx:libmx.dll
 0002:00000340       __imp_mxGetFieldByNumber_700 0000000180043340     libmx:libmx.dll
 0002:00000348       __imp_mxSetFieldByNumber_700 0000000180043348     libmx:libmx.dll
[...]
 0001:00018860       _ml_generic_castability_check 0000000180019860 f   sfc_mex:sfc_mex.obj
 0001:000195c0       ml_generic_castability_check 000000018001a5c0 f   sfc_mex:sfc_mex.obj
 0001:00019660       ml_check_mx_array_for_single_castability 000000018001a660 f   sfc_mex:sfc_mex.obj
 0001:00019700       ml_check_mx_array_for_logical_castability 000000018001a700 f   sfc_mex:sfc_mex.obj
 0001:000197a0       ml_check_mx_array_for_int8_castability 000000018001a7a0 f   sfc_mex:sfc_mex.obj
 0001:00019850       ml_check_mx_array_for_uint8_castability 000000018001a850 f   sfc_mex:sfc_mex.obj
 0001:000198b0       ml_check_mx_array_for_int16_castability 000000018001a8b0 f   sfc_mex:sfc_mex.obj
 0001:00019910       ml_check_mx_array_for_uint16_castability 000000018001a910 f   sfc_mex:sfc_mex.obj
 0001:00019970       ml_check_mx_array_for_int32_castability 000000018001a970 f   sfc_mex:sfc_mex.obj
 0001:000199d0       ml_check_mx_array_for_uint32_castability 000000018001a9d0 f   sfc_mex:sfc_mex.obj
 0001:00019a30       ml_check_mx_array_for_castability 000000018001aa30 f   sfc_mex:sfc_mex.obj
 0001:0001a360       set_data_value             000000018001b360 f   sfc_mex:sfc_mex.obj
 0001:0001a6d0       get_data_value             000000018001b6d0 f   sfc_mex:sfc_mex.obj
 0001:0001a7e0       get_next_element_address   000000018001b7e0 f   sfc_mex:sfc_mex.obj
 0001:0001a8b0       sf_normalize_index         000000018001b8b0 f   sfc_mex:sfc_mex.obj
 0001:0001ac40       ml_array_index_bound_check 000000018001bc40 f   sfc_mex:sfc_mex.obj
 0001:0001b760       mx_value                   000000018001c760 f   sfc_mex:sfc_mex.obj
 0001:0001b7b0       sf_create_numeric_array    000000018001c7b0 f   sfc_mex:sfc_mex.obj
 0001:0001b850       sf_mex_assign_to_mx_array  000000018001c850 f   sfc_mex:sfc_mex.obj
 0001:0001bba0       assign_from_mx_array       000000018001cba0 f   sfc_mex:sfc_mex.obj
 0001:0001c3d0       sf_mex_import_v            000000018001d3d0 f   sfc_mex:sfc_mex.obj
 0001:0001c9a0       get_machine_and_chart_file_number 000000018001d9a0 f   sfc_mex:sfc_sf.obj
 0001:0001ca90       get_sfun_block_specialization 000000018001da90 f   sfc_mex:sfc_sf.obj
 0001:0001cb10       call_sf_machine_global_method_dispatcher 000000018001db10 f   sfc_mex:sfc_sf.obj
 0001:0001cd40       mdl_zeroCrossings_processing 000000018001dd40 f   sfc_mex:sfc_sf.obj
 0001:0001ce10       mdl_derivatives_processing 000000018001de10 f   sfc_mex:sfc_sf.obj
 0001:0001d0d0       mdl_outputs_continuous_legacy 000000018001e0d0 f   sfc_mex:sfc_sf.obj
 0001:0001d150       mdl_outputs_processing     000000018001e150 f   sfc_mex:sfc_sf.obj
 0001:0001d380       mdl_enable_processing      000000018001e380 f   sfc_mex:sfc_sf.obj
 0001:0001d450       mdl_disable_processing     000000018001e450 f   sfc_mex:sfc_sf.obj
 0001:0001dda0       write_symbol_mapping       000000018001eda0 f   sfc_mex:sfc_sf.obj
 0001:0001e4c0       sf_call_output_fcn_enable_disable 000000018001f4c0 f   sfc_mex:sfc_sf.obj
 0001:0001e740       set_dwork_information_from_mx_array 000000018001f740 f   sfc_mex:sfc_sf.obj
 0001:0001f030       ptr2mxStruct               0000000180020030 f   sfc_mex:sfc_sf.obj
 0001:0001f340       SNPRINTF_WRAPPER           0000000180020340 f   sfc_debug:sfcdebug.obj
 0001:0001f360       sf_debug_chart_instance_initialized_quick 0000000180020360 f   sfc_debug:sfcdebug.obj
 0001:0001f370       sf_debug_chart_instance_initialized 0000000180020370 f   sfc_debug:sfcdebug.obj
 0001:0001f510       sfrtAddSize                0000000180020510 f   sfc_debug:sfcdebug.obj
 0001:0001f5d0       sfrtGenSizeString          00000001800205d0 f   sfc_debug:sfcdebug.obj
 0001:0001fce0       sf_debug_sim_status_listener 0000000180020ce0 f   sfc_debug:sfcdebug.obj
 0001:00020250       sf_debug_form_mask_bits    0000000180021250 f   sfc_debug:sfcdebug.obj
 0001:00020290       sf_debug_form_sf_data_type_offsets 0000000180021290 f   sfc_debug:sfcdebug.obj
 0001:00020350       sf_debug_free_all          0000000180021350 f   sfc_debug:sfcdebug.obj
 0001:000204d0       sf_debug_append_debugger_context 00000001800214d0 f   sfc_debug:sfcdebug.obj
 0001:00020790       local_strdup               0000000180021790 f   sfc_debug:sfcdebug.obj
 0001:00021670       sf_debug_em_terminate      0000000180022670 f   sfc_debug:sfcdebug.obj
 0001:000216b0       sf_debug_push_eml_function 00000001800226b0 f   sfc_debug:sfcdebug.obj
 0001:00021750       sf_debug_pop_eml_function  0000000180022750 f   sfc_debug:sfcdebug.obj
 0001:00022450       sf_debug_get_machine_number_from_id_or_name 0000000180023450 f   sfc_debug:sfcdebug.obj
 0001:000225a0       sf_debug_get_chart_number_from_id 00000001800235a0 f   sfc_debug:sfcdebug.obj
 0001:00023210       sf_debug_transfer_control_to_debugger_GUI 0000000180024210 f   sfc_debug:sfcdebug.obj
 0001:000241b0       sf_debug_scripts_rehash    00000001800251b0 f   sfc_debug:sfcdebug.obj
 0001:000243f0       sf_debug_get_script_line_count 00000001800253f0 f   sfc_debug:sfcdebug.obj
 0001:00024b00       cv_eml_state_cvId          0000000180025b00 f   sfc_debug:sfcdebug.obj
 0001:00025d20       sf_debug_data_array_bounds_error 0000000180026d20 f   sfc_debug:sfcdebug.obj
 0001:00026150       eml_debug_runtime_error_doclink 0000000180027150 f   sfc_debug:sfcdebug.obj
 0001:000262d0       sf_debug_runtime_error     00000001800272d0 f   sfc_debug:sfcdebug.obj
 0001:00026340       sf_debug_matlab_error      0000000180027340 f   sfc_debug:sfcdebug.obj
 0001:00026bf0       sf_debug_data_value_error  0000000180027bf0 f   sfc_debug:sfcdebug.obj
 0001:000274f0       sf_debug_data_loss_error   00000001800284f0 f   sfc_debug:sfcdebug.obj
 0001:00028150       call_cv_range_check        0000000180029150 f   sfc_debug:sfcdebug.obj
 0001:00028920       sf_debug_invoke_cycle_detection_code 0000000180029920 f   sfc_debug:sfcdebug.obj
 0001:00029790       sf_reset_debug_info_struct 000000018002a790 f   sfc_debug:sfcdebug.obj
 0001:0002a080       cv_script_cvId             000000018002b080 f   sfc_debug:sfcdebug.obj
 0001:0002ae70       sfc_api_chart_visible      000000018002be70 f   sfc_debug:sfc_api.obj
 0001:0002aef0       sfc_api_active_instance    000000018002bef0 f   sfc_debug:sfc_api.obj
 0001:0002af70       sfc_api_machine_load       000000018002bf70 f   sfc_debug:sfc_api.obj
 0001:0002b040       sfc_api_debugger_alive     000000018002c040 f   sfc_debug:sfc_api.obj
 0001:0002b050       sfc_api_go                 000000018002c050 f   sfc_debug:sfc_api.obj
 0001:0002b060       sfc_api_step_over          000000018002c060 f   sfc_debug:sfc_api.obj
 0001:0002b070       sfc_api_step_out           000000018002c070 f   sfc_debug:sfc_api.obj
 0001:0002b080       sfc_api_resume             000000018002c080 f   sfc_debug:sfc_api.obj
 0001:0002b090       sfc_api_break              000000018002c090 f   sfc_debug:sfc_api.obj
 0001:0002b0a0       sfc_api_stop_debugging     000000018002c0a0 f   sfc_debug:sfc_api.obj
 0001:0002b0f0       sfc_api_is_cycle_detected  000000018002c0f0 f   sfc_debug:sfc_api.obj
 0001:0002b140       sfc_api_is_array_bounds_detected 000000018002c140 f   sfc_debug:sfc_api.obj
 0001:0002b190       sfc_api_set_disable_all_breakpoints 000000018002c190 f   sfc_debug:sfc_api.obj
 0001:0002b200       sfc_api_disable_all_breakpoints_and_go 000000018002c200 f   sfc_debug:sfc_api.obj
 0001:0002b210       sfc_api_close              000000018002c210 f   sfc_debug:sfc_api.obj
 0001:0002b220       sfc_api_browse_data        000000018002c220 f   sfc_debug:sfc_api.obj
 0001:0002b290       sfc_api_watch_data         000000018002c290 f   sfc_debug:sfc_api.obj
 0001:0002b330       sfc_api_assign_data        000000018002c330 f   sfc_debug:sfc_api.obj
 0001:0002b3d0       sfc_api_whos               000000018002c3d0 f   sfc_debug:sfc_api.obj
 0001:0002b460       sfc_api_get_consistency_info 000000018002c460 f   sfc_debug:sfc_api.obj
 0001:0002b470       sfc_api_browse_trace       000000018002c470 f   sfc_debug:sfc_api.obj
 0001:0002b480       sfc_api_break_on_chart_entry 000000018002c480 f   sfc_debug:sfc_api.obj
 0001:0002b4a0       sfc_api_break_on_event_broadcast 000000018002c4a0 f   sfc_debug:sfc_api.obj
 0001:0002b4c0       sfc_api_break_on_state_entry 000000018002c4c0 f   sfc_debug:sfc_api.obj
 0001:0002b4e0       sfc_api_set_watch          000000018002c4e0 f   sfc_debug:sfc_api.obj
 0001:0002b580       sfc_api_set_breakpoints    000000018002c580 f   sfc_debug:sfc_api.obj
 0001:0002b620       sfc_api_set_eml_breakpoints 000000018002c620 f   sfc_debug:sfc_api.obj
 0001:0002b6a0       sfc_api_set_script_breakpoints 000000018002c6a0 f   sfc_debug:sfc_api.obj
 0001:0002b6f0       sfc_api_add_script_breakpoints 000000018002c6f0 f   sfc_debug:sfc_api.obj
 0001:0002b740       sfc_api_clear_script_breakpoints 000000018002c740 f   sfc_debug:sfc_api.obj
 0001:0002b790       sfc_api_query_script_breakpoints 000000018002c790 f   sfc_debug:sfc_api.obj
 0001:0002b7f0       sfc_api_get_script_id      000000018002c7f0 f   sfc_debug:sfc_api.obj
 0001:0002b8b0       sfc_api_get_active_states  000000018002c8b0 f   sfc_debug:sfc_api.obj
 0001:0002b930       sfc_api_break_between_times 000000018002c930 f   sfc_debug:sfc_api.obj
 0001:0002b990       sfc_api_get_instance_handle 000000018002c990 f   sfc_debug:sfc_api.obj
 0001:0002ba40       sfc_api_get_coverage       000000018002ca40 f   sfc_debug:sfc_api.obj
 0001:0002bac0       sfc_api_set_animation      000000018002cac0 f   sfc_debug:sfc_api.obj
 0001:0002bb10       sfc_api_select_chart       000000018002cb10 f   sfc_debug:sfc_api.obj
 0001:0002bb70       sfc_api_select_charts      000000018002cb70 f   sfc_debug:sfc_api.obj
 0001:0002bba0       sfc_api_cycle_detection_check 000000018002cba0 f   sfc_debug:sfc_api.obj
 0001:0002bbf0       sfc_api_data_range_check   000000018002cbf0 f   sfc_debug:sfc_api.obj
 0001:0002bc40       sfc_api_transition_conflict_check 000000018002cc40 f   sfc_debug:sfc_api.obj
 0001:0002bc90       sfc_api_state_consistency_check 000000018002cc90 f   sfc_debug:sfc_api.obj
 0001:0002bce0       sfc_api_set_instance_cv_ids 000000018002cce0 f   sfc_debug:sfc_api.obj
 0001:0002bdf0       sfc_api_set_script_cv_ids  000000018002cdf0 f   sfc_debug:sfc_api.obj
 0001:0002be90       sfc_api_get_current_machine_id 000000018002ce90 f   sfc_debug:sfc_api.obj
 0001:0002bec0       sfc_api_get_current_machine_number 000000018002cec0 f   sfc_debug:sfc_api.obj
 0001:0002bef0       sfc_api_get_current_chart_number 000000018002cef0 f   sfc_debug:sfc_api.obj
 0001:0002bf20       sfc_api_get_current_instance_number 000000018002cf20 f   sfc_debug:sfc_api.obj
 0001:0002bf50       sfc_api_get_current_instance_handle 000000018002cf50 f   sfc_debug:sfc_api.obj
 0001:0002bf70       sfc_api_get_current_is_minor_time_step 000000018002cf70 f   sfc_debug:sfc_api.obj
 0001:0002bfa0       sfc_api_get_current_machine_name 000000018002cfa0 f   sfc_debug:sfc_api.obj
 0001:0002bfc0       sfc_api_get_current_chart_id 000000018002cfc0 f   sfc_debug:sfc_api.obj
 0001:0002bff0       sfc_api_get_current_object_type 000000018002cff0 f   sfc_debug:sfc_api.obj
 0001:0002c020       sfc_api_get_current_event_type 000000018002d020 f   sfc_debug:sfc_api.obj
 0001:0002c050       sfc_api_get_current_object_id 000000018002d050 f   sfc_debug:sfc_api.obj
 0001:0002c080       sfc_get_current_active_event_type 000000018002d080 f   sfc_debug:sfc_api.obj
 0001:0002c0b0       sfc_api_get_current_active_event_id 000000018002d0b0 f   sfc_debug:sfc_api.obj
 0001:0002c0e0       sfc_api_get_current_simulation_time 000000018002d0e0 f   sfc_debug:sfc_api.obj
 0001:0002c100       sfc_get_current_tag_type   000000018002d100 f   sfc_debug:sfc_api.obj
 0001:0002c130       sfc_get_current_coverage_percentage 000000018002d130 f   sfc_debug:sfc_api.obj
 0001:0002c150       sfc_get_current_statement_context 000000018002d150 f   sfc_debug:sfc_api.obj
 0001:0002c170       sfc_get_current_optional_integer 000000018002d170 f   sfc_debug:sfc_api.obj
 0001:0002c1a0       sfc_get_current_statement_info 000000018002d1a0 f   sfc_debug:sfc_api.obj
 0001:0002c240       sfc_api_get                000000018002d240 f   sfc_debug:sfc_api.obj
 0001:0002c3a0       sf_debug_sm_is_using_unified_editors 000000018002d3a0 f   sfc_debug:sfdb_animation.obj
 0001:0002c440       sf_debug_sm_is_chart_visible_in_unified_editors 000000018002d440 f   sfc_debug:sfdb_animation.obj
 0001:0002c500       sf_debug_sm_check_if_chart_is_visible 000000018002d500 f   sfc_debug:sfdb_animation.obj
 0001:0002d000       sf_debug_sm_fill_state_activity_data 000000018002e000 f   sfc_debug:sfdb_animation.obj
 0001:0002f5f0       sf_debug_hm_get_simulink_handle 00000001800305f0 f   sfc_debug:sfdb_handle_management.obj
 0001:00030140       sf_debug_hm_initialize_globals 0000000180031140 f   sfc_debug:sfdb_handle_management.obj
 0001:00030240       sf_debug_hm_get_machine_debug_flag 0000000180031240 f   sfc_debug:sfdb_handle_management.obj
 0001:000303b0       sf_debug_hm_get_machine_id 00000001800313b0 f   sfc_debug:sfdb_handle_management.obj
 0001:000304d0       sf_debug_hm_get_chart_id   00000001800314d0 f   sfc_debug:sfdb_handle_management.obj
 0001:00030670       sf_debug_hm_register_executing_SFunction 0000000180031670 f   sfc_debug:sfdb_handle_management.obj
 0001:00030810       sf_debug_hm_get_chart_active_instance 0000000180031810 f   sfc_debug:sfdb_handle_management.obj
 0001:00030980       sf_debug_hm_get_chart_visibility 0000000180031980 f   sfc_debug:sfdb_handle_management.obj
 0001:00030ad0       sf_debug_hm_form_object_boolean_properties 0000000180031ad0 f   sfc_debug:sfdb_handle_management.obj
 0001:00030da0       sf_debug_hm_form_object_properties 0000000180031da0 f   sfc_debug:sfdb_handle_management.obj
 0001:00030fe0       sf_debug_hm_terminate_charts 0000000180031fe0 f   sfc_debug:sfdb_handle_management.obj
 0001:00031750       sf_debug_hm_terminate_machines 0000000180032750 f   sfc_debug:sfdb_handle_management.obj
 0001:00033070       void_ptr_stack_vector_free_total 0000000180034070 f   sfc_debug:sfdb_data_browse.obj
 0001:00033100       sf_debug_st_terminate_machine 0000000180034100 f   sfc_debug:sfdb_data_browse.obj
 0001:00033140       sf_debug_st_terminate_instance 0000000180034140 f   sfc_debug:sfdb_data_browse.obj
 0001:000334f0       push_on_to_void_ptr_stack  00000001800344f0 f   sfc_debug:sfdb_data_browse.obj
 0001:00033680       pop_from_void_ptr_stack    0000000180034680 f   sfc_debug:sfdb_data_browse.obj
 0001:000337b0       sf_debug_st_get_data_value 00000001800347b0 f   sfc_debug:sfdb_data_browse.obj
 0001:00033d40       mx_value                   0000000180034d40 f   sfc_debug:sfdb_data_browse.obj
 0001:00033d80       sf_debug_st_fill_data_struct 0000000180034d80 f   sfc_debug:sfdb_data_browse.obj
 0001:000340c0       data_type_format_strings   00000001800350c0 f   sfc_debug:sfdb_data_browse.obj
 0001:00034170       sf_debug_st_fill_data      0000000180035170 f   sfc_debug:sfdb_data_browse.obj
 0001:000353b0       sf_debug_ss_copy_dimension 00000001800363b0 f   sfc_debug:sfdb_symbol_scope.obj
 0001:00035470       sf_debug_ss_get_number_elements 0000000180036470 f   sfc_debug:sfdb_symbol_scope.obj
 0001:00035490       sf_debug_ss_fill_data_struct 0000000180036490 f   sfc_debug:sfdb_symbol_scope.obj
 0001:000357e0       sf_debug_ss_reset_data_info 00000001800367e0 f   sfc_debug:sfdb_symbol_scope.obj
 0001:00035840       sf_debug_fill_data_info_by_symbol_scope_entry 0000000180036840 f   sfc_debug:sfdb_symbol_scope.obj
 0001:00035900       sf_debug_fill_data_info_by_data_vector 0000000180036900 f   sfc_debug:sfdb_symbol_scope.obj
 0001:00035b50       sf_debug_ss_get_data_info  0000000180036b50 f   sfc_debug:sfdb_symbol_scope.obj
 0001:00035e40       sf_debug_select_mex_function 0000000180036e40 f   sfc_debug:sfdb_symbol_scope.obj
 0001:00035e70       sf_debug_is_dyn_matrix_initialized 0000000180036e70 f   sfc_debug:sfdb_symbol_scope.obj
 0001:00035e90       sf_debug_ss_set_data_value_try 0000000180036e90 f   sfc_debug:sfdb_symbol_scope.obj
 0001:00036060       sf_debug_ss_get_data_value 0000000180037060 f   sfc_debug:sfdb_symbol_scope.obj
 0001:000365b0       sf_debug_ss_data_bytes_string 00000001800375b0 f   sfc_debug:sfdb_symbol_scope.obj
 0001:00036660       sf_debug_ss_data_class_string 0000000180037660 f   sfc_debug:sfdb_symbol_scope.obj
 0001:000369f0       sf_debug_ss_data_size_string 00000001800379f0 f   sfc_debug:sfdb_symbol_scope.obj
 0001:00036ad0       sf_debug_ss_data_create_data_info_struct 0000000180037ad0 f   sfc_debug:sfdb_symbol_scope.obj
 0001:00036da0       sf_debug_ss_data_create_name_value_pair 0000000180037da0 f   sfc_debug:sfdb_symbol_scope.obj
 0001:00036e40       sf_debug_ss_data_get_whos_info 0000000180037e40 f   sfc_debug:sfdb_symbol_scope.obj
 0001:00036e50       same_named_data_in_data_array 0000000180037e50 f   sfc_debug:sfdb_symbol_scope.obj
 0001:000386c0       sf_debug_cc_terminate_chart 00000001800396c0 f   sfc_debug:sfdb_coverage.obj
 0001:00038a60       sf_debug_cc_terminate_instance 0000000180039a60 f   sfc_debug:sfdb_coverage.obj
 0001:00039650       sf_debug_cc_mark_object_if_needed 000000018003a650 f   sfc_debug:sfdb_coverage.obj
 0001:00039a10       sf_debug_cc_fill_transition_coverage_data 000000018003aa10 f   sfc_debug:sfdb_coverage.obj
 0001:00039ba0       sf_debug_cc_fill_transition_coverage_map 000000018003aba0 f   sfc_debug:sfdb_coverage.obj
 0001:00039e50       sf_debug_cc_fill_state_coverage_map 000000018003ae50 f   sfc_debug:sfdb_coverage.obj
 0001:0003a0a0       sf_debug_cc_fill_state_coverage_data 000000018003b0a0 f   sfc_debug:sfdb_coverage.obj
 0001:0003ace0       sf_debug_bm_initialize_eml 000000018003bce0 f   sfc_debug:sfdb_breakpoints.obj
 0001:0003be50       sf_debug_bm_map_debug_tag_to_breakpoint_tag 000000018003ce50 f   sfc_debug:sfdb_breakpoints.obj
 0001:0003bf30       sf_debug_bm_is_a_eml_breakpoint_impl 000000018003cf30 f   sfc_debug:sfdb_breakpoints.obj
 0001:0003d9b0       sf_debug_sc_push_on_error_stack 000000018003e9b0 f   sfc_debug:sfdb_state_consistency.obj
 0001:0003dae0       sf_debug_sc_reset_error_stack 000000018003eae0 f   sfc_debug:sfdb_state_consistency.obj
 0001:0003dc70       sf_debug_sc_is_state_inconsistent 000000018003ec70 f   sfc_debug:sfdb_state_consistency.obj
 0001:0003df70       sf_debug_sc_fill_consistency_info 000000018003ef70 f   sfc_debug:sfdb_state_consistency.obj
 0001:0003e550       void_assertion_fcn         000000018003f550 f   sfc_debug:sfdb_call_stack.obj
 0001:0003ead0       sf_debug_tm_fill_local_trace 000000018003fad0 f   sfc_debug:sfdb_call_stack.obj
 0001:0003f0a0       sf_debug_cd_terminate_instance 00000001800400a0 f   sfc_debug:sfdb_cycle_detection.obj
 0001:0003f100       sf_debug_cd_free_checksum_stack 0000000180040100 f   sfc_debug:sfdb_cycle_detection.obj
 0001:0003f150       sf_debug_cd_reset_pack_strings 0000000180040150 f   sfc_debug:sfdb_cycle_detection.obj
 0001:0003f810       md5file_clear              0000000180040810 f   sfc_debug:ckmd5.obj
 0001:0003f840       Encode                     0000000180040840 f   sfc_debug:ckmd5.obj
 0001:0003f890       Decode                     0000000180040890 f   sfc_debug:ckmd5.obj
 0001:0003f930       MD5Transform               0000000180040930 f   sfc_debug:ckmd5.obj
 0001:00040180       md5file_addn               0000000180041180 f   sfc_debug:ckmd5.obj
 0001:00040250       md5file_hash               0000000180041250 f   sfc_debug:ckmd5.obj
 0001:00040708       pre_c_init                 0000000180041708 f   MSVCRT:crtdll.obj
 0001:000409c4       __DllMainCRTStartup        00000001800419c4 f   MSVCRT:crtdll.obj
 0001:000410d0       __DllMainCRTStartup$filt$0 00000001800420d0 f   MSVCRT:crtdll.obj
 0001:00041100       __DllMainCRTStartup$fin$1  0000000180042100 f   MSVCRT:crtdll.obj
 0001:0004111a       _onexit$fin$0              000000018004211a f   MSVCRT:atonexit.obj
 0001:00041140       _IsNonwritableInCurrentImage$filt$0 0000000180042140 f   MSVCRT:pesect.obj
